Archive member included to satisfy reference by file (symbol)

c:/st/stm32cubeide_1.6.1/stm32cubeide/plugins/com.st.stm32cube.ide.mcu.externaltools.gnu-tools-for-stm32.9-2020-q2-update.win32_2.0.0.202105311346/tools/bin/../lib/gcc/arm-none-eabi/9.3.1/../../../../arm-none-eabi/lib/thumb/v7e-m+fp/hard\libc_nano.a(lib_a-errno.o)
                              ./Core/Src/syscalls.o (__errno)
c:/st/stm32cubeide_1.6.1/stm32cubeide/plugins/com.st.stm32cube.ide.mcu.externaltools.gnu-tools-for-stm32.9-2020-q2-update.win32_2.0.0.202105311346/tools/bin/../lib/gcc/arm-none-eabi/9.3.1/../../../../arm-none-eabi/lib/thumb/v7e-m+fp/hard\libc_nano.a(lib_a-exit.o)
                              c:/st/stm32cubeide_1.6.1/stm32cubeide/plugins/com.st.stm32cube.ide.mcu.externaltools.gnu-tools-for-stm32.9-2020-q2-update.win32_2.0.0.202105311346/tools/bin/../lib/gcc/arm-none-eabi/9.3.1/../../../../arm-none-eabi/lib/thumb/v7e-m+fp/hard/crt0.o (exit)
c:/st/stm32cubeide_1.6.1/stm32cubeide/plugins/com.st.stm32cube.ide.mcu.externaltools.gnu-tools-for-stm32.9-2020-q2-update.win32_2.0.0.202105311346/tools/bin/../lib/gcc/arm-none-eabi/9.3.1/../../../../arm-none-eabi/lib/thumb/v7e-m+fp/hard\libc_nano.a(lib_a-impure.o)
                              c:/st/stm32cubeide_1.6.1/stm32cubeide/plugins/com.st.stm32cube.ide.mcu.externaltools.gnu-tools-for-stm32.9-2020-q2-update.win32_2.0.0.202105311346/tools/bin/../lib/gcc/arm-none-eabi/9.3.1/../../../../arm-none-eabi/lib/thumb/v7e-m+fp/hard\libc_nano.a(lib_a-exit.o) (_global_impure_ptr)
c:/st/stm32cubeide_1.6.1/stm32cubeide/plugins/com.st.stm32cube.ide.mcu.externaltools.gnu-tools-for-stm32.9-2020-q2-update.win32_2.0.0.202105311346/tools/bin/../lib/gcc/arm-none-eabi/9.3.1/../../../../arm-none-eabi/lib/thumb/v7e-m+fp/hard\libc_nano.a(lib_a-init.o)
                              c:/st/stm32cubeide_1.6.1/stm32cubeide/plugins/com.st.stm32cube.ide.mcu.externaltools.gnu-tools-for-stm32.9-2020-q2-update.win32_2.0.0.202105311346/tools/bin/../lib/gcc/arm-none-eabi/9.3.1/../../../../arm-none-eabi/lib/thumb/v7e-m+fp/hard/crt0.o (__libc_init_array)
c:/st/stm32cubeide_1.6.1/stm32cubeide/plugins/com.st.stm32cube.ide.mcu.externaltools.gnu-tools-for-stm32.9-2020-q2-update.win32_2.0.0.202105311346/tools/bin/../lib/gcc/arm-none-eabi/9.3.1/../../../../arm-none-eabi/lib/thumb/v7e-m+fp/hard\libc_nano.a(lib_a-memset.o)
                              c:/st/stm32cubeide_1.6.1/stm32cubeide/plugins/com.st.stm32cube.ide.mcu.externaltools.gnu-tools-for-stm32.9-2020-q2-update.win32_2.0.0.202105311346/tools/bin/../lib/gcc/arm-none-eabi/9.3.1/../../../../arm-none-eabi/lib/thumb/v7e-m+fp/hard/crt0.o (memset)
c:/st/stm32cubeide_1.6.1/stm32cubeide/plugins/com.st.stm32cube.ide.mcu.externaltools.gnu-tools-for-stm32.9-2020-q2-update.win32_2.0.0.202105311346/tools/bin/../lib/gcc/arm-none-eabi/9.3.1/../../../../arm-none-eabi/lib/thumb/v7e-m+fp/hard\libc_nano.a(lib_a-nano-vfprintf_float.o)
                              (_printf_float)
c:/st/stm32cubeide_1.6.1/stm32cubeide/plugins/com.st.stm32cube.ide.mcu.externaltools.gnu-tools-for-stm32.9-2020-q2-update.win32_2.0.0.202105311346/tools/bin/../lib/gcc/arm-none-eabi/9.3.1/../../../../arm-none-eabi/lib/thumb/v7e-m+fp/hard\libc_nano.a(lib_a-nano-vfprintf_i.o)
                              c:/st/stm32cubeide_1.6.1/stm32cubeide/plugins/com.st.stm32cube.ide.mcu.externaltools.gnu-tools-for-stm32.9-2020-q2-update.win32_2.0.0.202105311346/tools/bin/../lib/gcc/arm-none-eabi/9.3.1/../../../../arm-none-eabi/lib/thumb/v7e-m+fp/hard\libc_nano.a(lib_a-nano-vfprintf_float.o) (_printf_common)
c:/st/stm32cubeide_1.6.1/stm32cubeide/plugins/com.st.stm32cube.ide.mcu.externaltools.gnu-tools-for-stm32.9-2020-q2-update.win32_2.0.0.202105311346/tools/bin/../lib/gcc/arm-none-eabi/9.3.1/../../../../arm-none-eabi/lib/thumb/v7e-m+fp/hard\libc_nano.a(lib_a-nano-vfscanf_float.o)
                              (_scanf_float)
c:/st/stm32cubeide_1.6.1/stm32cubeide/plugins/com.st.stm32cube.ide.mcu.externaltools.gnu-tools-for-stm32.9-2020-q2-update.win32_2.0.0.202105311346/tools/bin/../lib/gcc/arm-none-eabi/9.3.1/../../../../arm-none-eabi/lib/thumb/v7e-m+fp/hard\libc_nano.a(lib_a-sf_nan.o)
                              c:/st/stm32cubeide_1.6.1/stm32cubeide/plugins/com.st.stm32cube.ide.mcu.externaltools.gnu-tools-for-stm32.9-2020-q2-update.win32_2.0.0.202105311346/tools/bin/../lib/gcc/arm-none-eabi/9.3.1/../../../../arm-none-eabi/lib/thumb/v7e-m+fp/hard\libc_nano.a(lib_a-nano-vfscanf_float.o) (nanf)
c:/st/stm32cubeide_1.6.1/stm32cubeide/plugins/com.st.stm32cube.ide.mcu.externaltools.gnu-tools-for-stm32.9-2020-q2-update.win32_2.0.0.202105311346/tools/bin/../lib/gcc/arm-none-eabi/9.3.1/../../../../arm-none-eabi/lib/thumb/v7e-m+fp/hard\libc_nano.a(lib_a-snprintf.o)
                              ./Core/Src/i2c-lcd.o (snprintf)
[...]
Memory Configuration

Name             Origin             Length             Attributes
CCMRAM           0x0000000010000000 0x0000000000010000 xrw
RAM              0x0000000020000000 0x0000000000020000 xrw
FLASH            0x0000000008000000 0x0000000000100000 xr
*default*        0x0000000000000000 0xffffffffffffffff

Linker script and memory map

LOAD c:/st/stm32cubeide_1.6.1/stm32cubeide/plugins/com.st.stm32cube.ide.mcu.externaltools.gnu-tools-for-stm32.9-2020-q2-update.win32_2.0.0.202105311346/tools/bin/../lib/gcc/arm-none-eabi/9.3.1/thumb/v7e-m+fp/hard/crti.o
LOAD c:/st/stm32cubeide_1.6.1/stm32cubeide/plugins/com.st.stm32cube.ide.mcu.externaltools.gnu-tools-for-stm32.9-2020-q2-update.win32_2.0.0.202105311346/tools/bin/../lib/gcc/arm-none-eabi/9.3.1/thumb/v7e-m+fp/hard/crtbegin.o
LOAD c:/st/stm32cubeide_1.6.1/stm32cubeide/plugins/com.st.stm32cube.ide.mcu.externaltools.gnu-tools-for-stm32.9-2020-q2-update.win32_2.0.0.202105311346/tools/bin/../lib/gcc/arm-none-eabi/9.3.1/../../../../arm-none-eabi/lib/thumb/v7e-m+fp/hard/crt0.o
LOAD ./Core/Src/FIRFilter.o
LOAD ./Core/Src/adc.o
LOAD ./Core/Src/averaging.o
LOAD ./Core/Src/daq-channel.o
LOAD ./Core/Src/dma.o
LOAD ./Core/Src/gpio.o
LOAD ./Core/Src/i2c-eeprom.o
LOAD ./Core/Src/i2c-lcd.o
LOAD ./Core/Src/i2c.o
LOAD ./Core/Src/main.o
LOAD ./Core/Src/ntc3950.o
LOAD ./Core/Src/photodiode.o
LOAD ./Core/Src/spi.o
LOAD ./Core/Src/stm32f4xx_hal_msp.o
LOAD ./Core/Src/stm32f4xx_it.o
LOAD ./Core/Src/syscalls.o
LOAD ./Core/Src/sysmem.o
LOAD ./Core/Src/system_stm32f4xx.o
LOAD ./Core/Src/tim.o
LOAD ./Core/Src/usart.o
LOAD ./Core/Startup/startup_stm32f407vgtx.o
LOAD ./Drivers/STM32F4xx_HAL_Driver/Src/stm32f4xx_hal.o
LOAD ./Drivers/STM32F4xx_HAL_Driver/Src/stm32f4xx_hal_adc.o
LOAD ./Drivers/STM32F4xx_HAL_Driver/Src/stm32f4xx_hal_adc_ex.o
LOAD ./Drivers/STM32F4xx_HAL_Driver/Src/stm32f4xx_hal_cortex.o
LOAD ./Drivers/STM32F4xx_HAL_Driver/Src/stm32f4xx_hal_dma.o
LOAD ./Drivers/STM32F4xx_HAL_Driver/Src/stm32f4xx_hal_dma_ex.o
LOAD ./Drivers/STM32F4xx_HAL_Driver/Src/stm32f4xx_hal_exti.o
LOAD ./Drivers/STM32F4xx_HAL_Driver/Src/stm32f4xx_hal_flash.o
LOAD ./Drivers/STM32F4xx_HAL_Driver/Src/stm32f4xx_hal_flash_ex.o
LOAD ./Drivers/STM32F4xx_HAL_Driver/Src/stm32f4xx_hal_flash_ramfunc.o
LOAD ./Drivers/STM32F4xx_HAL_Driver/Src/stm32f4xx_hal_gpio.o
LOAD ./Drivers/STM32F4xx_HAL_Driver/Src/stm32f4xx_hal_i2c.o
LOAD ./Drivers/STM32F4xx_HAL_Driver/Src/stm32f4xx_hal_i2c_ex.o
LOAD ./Drivers/STM32F4xx_HAL_Driver/Src/stm32f4xx_hal_pwr.o
LOAD ./Drivers/STM32F4xx_HAL_Driver/Src/stm32f4xx_hal_pwr_ex.o
LOAD ./Drivers/STM32F4xx_HAL_Driver/Src/stm32f4xx_hal_rcc.o
LOAD ./Drivers/STM32F4xx_HAL_Driver/Src/stm32f4xx_hal_rcc_ex.o
LOAD ./Drivers/STM32F4xx_HAL_Driver/Src/stm32f4xx_hal_spi.o
LOAD ./Drivers/STM32F4xx_HAL_Driver/Src/stm32f4xx_hal_tim.o
LOAD ./Drivers/STM32F4xx_HAL_Driver/Src/stm32f4xx_hal_tim_ex.o
LOAD ./Drivers/STM32F4xx_HAL_Driver/Src/stm32f4xx_hal_uart.o
LOAD ./Drivers/STM32F4xx_HAL_Driver/Src/stm32f4xx_ll_adc.o
LOAD ./menu/Src/GFX_FUNCTIONS.o
LOAD ./menu/Src/ST7735.o
LOAD ./menu/Src/encoder.o
LOAD ./menu/Src/fonts.o
LOAD ./menu/Src/menu.o
LOAD ./menu/Src/menu_definition.o
LOAD ./menu/Src/ugui.o
START GROUP
LOAD c:/st/stm32cubeide_1.6.1/stm32cubeide/plugins/com.st.stm32cube.ide.mcu.externaltools.gnu-tools-for-stm32.9-2020-q2-update.win32_2.0.0.202105311346/tools/bin/../lib/gcc/arm-none-eabi/9.3.1/../../../../arm-none-eabi/lib/thumb/v7e-m+fp/hard\libc_nano.a
LOAD c:/st/stm32cubeide_1.6.1/stm32cubeide/plugins/com.st.stm32cube.ide.mcu.externaltools.gnu-tools-for-stm32.9-2020-q2-update.win32_2.0.0.202105311346/tools/bin/../lib/gcc/arm-none-eabi/9.3.1/../../../../arm-none-eabi/lib/thumb/v7e-m+fp/hard\libm.a
END GROUP
START GROUP
LOAD c:/st/stm32cubeide_1.6.1/stm32cubeide/plugins/com.st.stm32cube.ide.mcu.externaltools.gnu-tools-for-stm32.9-2020-q2-update.win32_2.0.0.202105311346/tools/bin/../lib/gcc/arm-none-eabi/9.3.1/thumb/v7e-m+fp/hard\libgcc.a
LOAD c:/st/stm32cubeide_1.6.1/stm32cubeide/plugins/com.st.stm32cube.ide.mcu.externaltools.gnu-tools-for-stm32.9-2020-q2-update.win32_2.0.0.202105311346/tools/bin/../lib/gcc/arm-none-eabi/9.3.1/../../../../arm-none-eabi/lib/thumb/v7e-m+fp/hard\libc_nano.a
END GROUP
START GROUP
LOAD c:/st/stm32cubeide_1.6.1/stm32cubeide/plugins/com.st.stm32cube.ide.mcu.externaltools.gnu-tools-for-stm32.9-2020-q2-update.win32_2.0.0.202105311346/tools/bin/../lib/gcc/arm-none-eabi/9.3.1/thumb/v7e-m+fp/hard\libgcc.a
LOAD c:/st/stm32cubeide_1.6.1/stm32cubeide/plugins/com.st.stm32cube.ide.mcu.externaltools.gnu-tools-for-stm32.9-2020-q2-update.win32_2.0.0.202105311346/tools/bin/../lib/gcc/arm-none-eabi/9.3.1/../../../../arm-none-eabi/lib/thumb/v7e-m+fp/hard\libc_nano.a
LOAD c:/st/stm32cubeide_1.6.1/stm32cubeide/plugins/com.st.stm32cube.ide.mcu.externaltools.gnu-tools-for-stm32.9-2020-q2-update.win32_2.0.0.202105311346/tools/bin/../lib/gcc/arm-none-eabi/9.3.1/../../../../arm-none-eabi/lib/thumb/v7e-m+fp/hard\libnosys.a
END GROUP
START GROUP
LOAD c:/st/stm32cubeide_1.6.1/stm32cubeide/plugins/com.st.stm32cube.ide.mcu.externaltools.gnu-tools-for-stm32.9-2020-q2-update.win32_2.0.0.202105311346/tools/bin/../lib/gcc/arm-none-eabi/9.3.1/thumb/v7e-m+fp/hard\libgcc.a
LOAD c:/st/stm32cubeide_1.6.1/stm32cubeide/plugins/com.st.stm32cube.ide.mcu.externaltools.gnu-tools-for-stm32.9-2020-q2-update.win32_2.0.0.202105311346/tools/bin/../lib/gcc/arm-none-eabi/9.3.1/../../../../arm-none-eabi/lib/thumb/v7e-m+fp/hard\libc_nano.a
LOAD c:/st/stm32cubeide_1.6.1/stm32cubeide/plugins/com.st.stm32cube.ide.mcu.externaltools.gnu-tools-for-stm32.9-2020-q2-update.win32_2.0.0.202105311346/tools/bin/../lib/gcc/arm-none-eabi/9.3.1/../../../../arm-none-eabi/lib/thumb/v7e-m+fp/hard\libnosys.a
END GROUP
LOAD c:/st/stm32cubeide_1.6.1/stm32cubeide/plugins/com.st.stm32cube.ide.mcu.externaltools.gnu-tools-for-stm32.9-2020-q2-update.win32_2.0.0.202105311346/tools/bin/../lib/gcc/arm-none-eabi/9.3.1/thumb/v7e-m+fp/hard/crtend.o
LOAD c:/st/stm32cubeide_1.6.1/stm32cubeide/plugins/com.st.stm32cube.ide.mcu.externaltools.gnu-tools-for-stm32.9-2020-q2-update.win32_2.0.0.202105311346/tools/bin/../lib/gcc/arm-none-eabi/9.3.1/thumb/v7e-m+fp/hard/crtn.o
                0x0000000020020000                _estack = (ORIGIN (RAM) + LENGTH (RAM))
                0x0000000000000200                _Min_Heap_Size = 0x200
                0x0000000000000400                _Min_Stack_Size = 0x400

.isr_vector     0x0000000008000000      0x188
                0x0000000008000000                . = ALIGN (0x4)
 *(.isr_vector)
 .isr_vector    0x0000000008000000      0x188 ./Core/Startup/startup_stm32f407vgtx.o
                0x0000000008000000                g_pfnVectors
                0x0000000008000188                . = ALIGN (0x4)

.text           0x0000000008000190     0xc31c
                0x0000000008000190                . = ALIGN (0x4)
 *(.text)
 .text          0x0000000008000190       0x40 c:/st/stm32cubeide_1.6.1/stm32cubeide/plugins/com.st.stm32cube.ide.mcu.externaltools.gnu-tools-for-stm32.9-2020-q2-update.win32_2.0.0.202105311346/tools/bin/../lib/gcc/arm-none-eabi/9.3.1/thumb/v7e-m+fp/hard/crtbegin.o
 .text          0x00000000080001d0       0x10 c:/st/stm32cubeide_1.6.1/stm32cubeide/plugins/com.st.stm32cube.ide.mcu.externaltools.gnu-tools-for-stm32.9-2020-q2-update.win32_2.0.0.202105311346/tools/bin/../lib/gcc/arm-none-eabi/9.3.1/../../../../arm-none-eabi/lib/thumb/v7e-m+fp/hard\libc_nano.a(lib_a-strlen.o)
                0x00000000080001d0                strlen
 .text          0x00000000080001e0       0xa0 c:/st/stm32cubeide_1.6.1/stm32cubeide/plugins/com.st.stm32cube.ide.mcu.externaltools.gnu-tools-for-stm32.9-2020-q2-update.win32_2.0.0.202105311346/tools/bin/../lib/gcc/arm-none-eabi/9.3.1/../../../../arm-none-eabi/lib/thumb/v7e-m+fp/hard\libc_nano.a(lib_a-memchr.o)
                0x00000000080001e0                memchr
 .text          0x0000000008000280      0x378 c:/st/stm32cubeide_1.6.1/stm32cubeide/plugins/com.st.stm32cube.ide.mcu.externaltools.gnu-tools-for-stm32.9-2020-q2-update.win32_2.0.0.202105311346/tools/bin/../lib/gcc/arm-none-eabi/9.3.1/thumb/v7e-m+fp/hard\libgcc.a(_arm_addsubdf3.o)
                0x0000000008000280                __aeabi_drsub
                0x0000000008000288                __aeabi_dsub
                0x0000000008000288                __subdf3
                0x000000000800028c                __aeabi_dadd
                0x000000000800028c                __adddf3
                0x0000000008000504                __floatunsidf
                0x0000000008000504                __aeabi_ui2d
                0x0000000008000524                __floatsidf
                0x0000000008000524                __aeabi_i2d
                0x0000000008000548                __aeabi_f2d
                0x0000000008000548                __extendsfdf2
                0x000000000800058c                __floatundidf
                0x000000000800058c                __aeabi_ul2d
                0x000000000800059c                __floatdidf
                0x000000000800059c                __aeabi_l2d
 .text          0x00000000080005f8      0x424 c:/st/stm32cubeide_1.6.1/stm32cubeide/plugins/com.st.stm32cube.ide.mcu.externaltools.gnu-tools-for-stm32.9-2020-q2-update.win32_2.0.0.202105311346/tools/bin/../lib/gcc/arm-none-eabi/9.3.1/thumb/v7e-m+fp/hard\libgcc.a(_arm_muldivdf3.o)
                0x00000000080005f8                __aeabi_dmul
                0x00000000080005f8                __muldf3
                0x000000000800084c                __divdf3
                0x000000000800084c                __aeabi_ddiv
 .text          0x0000000008000a1c      0x110 c:/st/stm32cubeide_1.6.1/stm32cubeide/plugins/com.st.stm32cube.ide.mcu.externaltools.gnu-tools-for-stm32.9-2020-q2-update.win32_2.0.0.202105311346/tools/bin/../lib/gcc/arm-none-eabi/9.3.1/thumb/v7e-m+fp/hard\libgcc.a(_arm_cmpdf2.o)
                0x0000000008000a1c                __gtdf2
                0x0000000008000a1c                __gedf2
                0x0000000008000a24                __ltdf2
                0x0000000008000a24                __ledf2
                0x0000000008000a2c                __nedf2
                0x0000000008000a2c                __eqdf2
                0x0000000008000a2c                __cmpdf2
                0x0000000008000aa8                __aeabi_cdrcmple
                0x0000000008000ab8                __aeabi_cdcmpeq
                0x0000000008000ab8                __aeabi_cdcmple
                0x0000000008000ac8                __aeabi_dcmpeq
                0x0000000008000adc                __aeabi_dcmplt
                0x0000000008000af0                __aeabi_dcmple
                0x0000000008000b04                __aeabi_dcmpge
                0x0000000008000b18                __aeabi_dcmpgt
 .text          0x0000000008000b2c       0x2c c:/st/stm32cubeide_1.6.1/stm32cubeide/plugins/com.st.stm32cube.ide.mcu.externaltools.gnu-tools-for-stm32.9-2020-q2-update.win32_2.0.0.202105311346/tools/bin/../lib/gcc/arm-none-eabi/9.3.1/thumb/v7e-m+fp/hard\libgcc.a(_arm_unorddf2.o)
                0x0000000008000b2c                __unorddf2
                0x0000000008000b2c                __aeabi_dcmpun
 .text          0x0000000008000b58       0x50 c:/st/stm32cubeide_1.6.1/stm32cubeide/plugins/com.st.stm32cube.ide.mcu.externaltools.gnu-tools-for-stm32.9-2020-q2-update.win32_2.0.0.202105311346/tools/bin/../lib/gcc/arm-none-eabi/9.3.1/thumb/v7e-m+fp/hard\libgcc.a(_arm_fixdfsi.o)
                0x0000000008000b58                __aeabi_d2iz
                0x0000000008000b58                __fixdfsi
 .text          0x0000000008000ba8       0x40 c:/st/stm32cubeide_1.6.1/stm32cubeide/plugins/com.st.stm32cube.ide.mcu.externaltools.gnu-tools-for-stm32.9-2020-q2-update.win32_2.0.0.202105311346/tools/bin/../lib/gcc/arm-none-eabi/9.3.1/thumb/v7e-m+fp/hard\libgcc.a(_arm_fixunsdfsi.o)
                0x0000000008000ba8                __aeabi_d2uiz
                0x0000000008000ba8                __fixunsdfsi
 .text          0x0000000008000be8       0xa0 c:/st/stm32cubeide_1.6.1/stm32cubeide/plugins/com.st.stm32cube.ide.mcu.externaltools.gnu-tools-for-stm32.9-2020-q2-update.win32_2.0.0.202105311346/tools/bin/../lib/gcc/arm-none-eabi/9.3.1/thumb/v7e-m+fp/hard\libgcc.a(_arm_truncdfsf2.o)
                0x0000000008000be8                __truncdfsf2
                0x0000000008000be8                __aeabi_d2f
 .text          0x0000000008000c88       0x30 c:/st/stm32cubeide_1.6.1/stm32cubeide/plugins/com.st.stm32cube.ide.mcu.externaltools.gnu-tools-for-stm32.9-2020-q2-update.win32_2.0.0.202105311346/tools/bin/../lib/gcc/arm-none-eabi/9.3.1/thumb/v7e-m+fp/hard\libgcc.a(_aeabi_uldivmod.o)
                0x0000000008000c88                __aeabi_uldivmod
 .text          0x0000000008000cb8       0x30 c:/st/stm32cubeide_1.6.1/stm32cubeide/plugins/com.st.stm32cube.ide.mcu.externaltools.gnu-tools-for-stm32.9-2020-q2-update.win32_2.0.0.202105311346/tools/bin/../lib/gcc/arm-none-eabi/9.3.1/thumb/v7e-m+fp/hard\libgcc.a(_fixdfdi.o)
                0x0000000008000cb8                __fixdfdi
                0x0000000008000cb8                __aeabi_d2lz
 .text          0x0000000008000ce8       0x3c c:/st/stm32cubeide_1.6.1/stm32cubeide/plugins/com.st.stm32cube.ide.mcu.externaltools.gnu-tools-for-stm32.9-2020-q2-update.win32_2.0.0.202105311346/tools/bin/../lib/gcc/arm-none-eabi/9.3.1/thumb/v7e-m+fp/hard\libgcc.a(_fixunsdfdi.o)
                0x0000000008000ce8                __fixunsdfdi
                0x0000000008000ce8                __aeabi_d2ulz
 .text          0x0000000008000d24      0x2c4 c:/st/stm32cubeide_1.6.1/stm32cubeide/plugins/com.st.stm32cube.ide.mcu.externaltools.gnu-tools-for-stm32.9-2020-q2-update.win32_2.0.0.202105311346/tools/bin/../lib/gcc/arm-none-eabi/9.3.1/thumb/v7e-m+fp/hard\libgcc.a(_udivmoddi4.o)
                0x0000000008000d24                __udivmoddi4
 .text          0x0000000008000fe8        0x4 c:/st/stm32cubeide_1.6.1/stm32cubeide/plugins/com.st.stm32cube.ide.mcu.externaltools.gnu-tools-for-stm32.9-2020-q2-update.win32_2.0.0.202105311346/tools/bin/../lib/gcc/arm-none-eabi/9.3.1/thumb/v7e-m+fp/hard\libgcc.a(_dvmd_tls.o)
                0x0000000008000fe8                __aeabi_idiv0
                0x0000000008000fe8                __aeabi_ldiv0
 *(.text*)
 .text.FIRFilter_Init
                0x0000000008000fec       0x44 ./Core/Src/FIRFilter.o
                0x0000000008000fec                FIRFilter_Init
 .text.FIRFilter_Update
                0x0000000008001030       0xb8 ./Core/Src/FIRFilter.o
                0x0000000008001030                FIRFilter_Update
 .text.MX_ADC1_Init
                0x00000000080010e8      0x184 ./Core/Src/adc.o
                0x00000000080010e8                MX_ADC1_Init
 .text.HAL_ADC_MspInit
                0x000000000800126c       0xf0 ./Core/Src/adc.o
                0x000000000800126c                HAL_ADC_MspInit
 .text.DAQ_channel_init
                0x000000000800135c       0x50 ./Core/Src/daq-channel.o
                0x000000000800135c                DAQ_channel_init
 .text.DAQ_channel_set_index
                0x00000000080013ac       0x34 ./Core/Src/daq-channel.o
                0x00000000080013ac                DAQ_channel_set_index
 .text.DAQ_channel_set_GPIO_TypeDef
                0x00000000080013e0       0x30 ./Core/Src/daq-channel.o
                0x00000000080013e0                DAQ_channel_set_GPIO_TypeDef
 .text.DAQ_channel_set_GPIO_Pin
                0x0000000008001410       0x34 ./Core/Src/daq-channel.o
                0x0000000008001410                DAQ_channel_set_GPIO_Pin
 .text.DAQ_channel_set_flag_enable
                0x0000000008001444       0x34 ./Core/Src/daq-channel.o
                0x0000000008001444                DAQ_channel_set_flag_enable
 .text.DAQ_channel_set_thermistor
                0x0000000008001478       0x30 ./Core/Src/daq-channel.o
                0x0000000008001478                DAQ_channel_set_thermistor
 .text.DAQ_channel_set_photodiode
                0x00000000080014a8       0x30 ./Core/Src/daq-channel.o
                0x00000000080014a8                DAQ_channel_set_photodiode
 .text.DAQ_channel_set_flag_save
                0x00000000080014d8       0x34 ./Core/Src/daq-channel.o
                0x00000000080014d8                DAQ_channel_set_flag_save
 .text.DAQ_channel_set_flag_th_limit
                0x000000000800150c       0x34 ./Core/Src/daq-channel.o
                0x000000000800150c                DAQ_channel_set_flag_th_limit
 .text.DAQ_channel_set_th_limit
                0x0000000008001540       0xa8 ./Core/Src/daq-channel.o
                0x0000000008001540                DAQ_channel_set_th_limit
 .text.DAQ_channel_set_flag_ph_limit
                0x00000000080015e8       0x34 ./Core/Src/daq-channel.o
                0x00000000080015e8                DAQ_channel_set_flag_ph_limit
 .text.DAQ_channel_set_ph_limit
                0x000000000800161c       0xa8 ./Core/Src/daq-channel.o
                0x000000000800161c                DAQ_channel_set_ph_limit
 .text.DAQ_channel_get_GPIO_TypeDef
                0x00000000080016c4       0x2c ./Core/Src/daq-channel.o
                0x00000000080016c4                DAQ_channel_get_GPIO_TypeDef
 .text.DAQ_channel_get_GPIO_Pin
                0x00000000080016f0       0x2c ./Core/Src/daq-channel.o
                0x00000000080016f0                DAQ_channel_get_GPIO_Pin
 .text.DAQ_channel_get_flag_enable
                0x000000000800171c       0x2c ./Core/Src/daq-channel.o
                0x000000000800171c                DAQ_channel_get_flag_enable
 .text.DAQ_channel_get_flag_save
                0x0000000008001748       0x2c ./Core/Src/daq-channel.o
                0x0000000008001748                DAQ_channel_get_flag_save
 .text.DAQ_channel_get_flag_th_limit
                0x0000000008001774       0x2c ./Core/Src/daq-channel.o
                0x0000000008001774                DAQ_channel_get_flag_th_limit
 .text.DAQ_channel_get_flag_ph_limit
                0x00000000080017a0       0x2c ./Core/Src/daq-channel.o
                0x00000000080017a0                DAQ_channel_get_flag_ph_limit
 .text.DAQ_channel_off
                0x00000000080017cc       0x3a ./Core/Src/daq-channel.o
                0x00000000080017cc                DAQ_channel_off
 .text.DAQ_channel_on
                0x0000000008001806       0x3a ./Core/Src/daq-channel.o
                0x0000000008001806                DAQ_channel_on
 .text.DAQ_CHANGE_enable
                0x0000000008001840       0xa4 ./Core/Src/daq-channel.o
                0x0000000008001840                DAQ_CHANGE_enable
 .text.DAQ_CHANGE_save
                0x00000000080018e4       0x40 ./Core/Src/daq-channel.o
                0x00000000080018e4                DAQ_CHANGE_save
 .text.MX_DMA_Init
                0x0000000008001924       0x60 ./Core/Src/dma.o
                0x0000000008001924                MX_DMA_Init
 .text.MX_GPIO_Init
                0x0000000008001984      0x19c ./Core/Src/gpio.o
                0x0000000008001984                MX_GPIO_Init
 .text.MX_I2C2_Init
                0x0000000008001b20       0x5c ./Core/Src/i2c.o
                0x0000000008001b20                MX_I2C2_Init
 .text.HAL_I2C_MspInit
                0x0000000008001b7c       0x90 ./Core/Src/i2c.o
                0x0000000008001b7c                HAL_I2C_MspInit
 .text.main     0x0000000008001c0c      0x2fc ./Core/Src/main.o
                0x0000000008001c0c                main
 .text.SystemClock_Config
                0x0000000008001f08       0xd4 ./Core/Src/main.o
                0x0000000008001f08                SystemClock_Config
 .text.menu_encoder_event
                0x0000000008001fdc       0x3c ./Core/Src/main.o
                0x0000000008001fdc                menu_encoder_event
 .text.display_values
                0x0000000008002018      0x204 ./Core/Src/main.o
                0x0000000008002018                display_values
 .text.Average_IsLimit
                0x000000000800221c       0x9c ./Core/Src/main.o
                0x000000000800221c                Average_IsLimit
 .text.HAL_ADC_ConvCpltCallback
                0x00000000080022b8       0x48 ./Core/Src/main.o
                0x00000000080022b8                HAL_ADC_ConvCpltCallback
 .text.Error_Handler
                0x0000000008002300        0xe ./Core/Src/main.o
                0x0000000008002300                Error_Handler
 *fill*         0x000000000800230e        0x2 
 .text.ntc3950_Celcius_to_ADC
                0x0000000008002310      0x194 ./Core/Src/ntc3950.o
                0x0000000008002310                ntc3950_Celcius_to_ADC
 *fill*         0x00000000080024a4        0x4 
 .text.ntc3950_ADC_to_Celcius
                0x00000000080024a8      0x130 ./Core/Src/ntc3950.o
                0x00000000080024a8                ntc3950_ADC_to_Celcius
 .text.photodiode_power_to_ADC
                0x00000000080025d8       0xc8 ./Core/Src/photodiode.o
                0x00000000080025d8                photodiode_power_to_ADC
 .text.photodiode_ADC_to_power
                0x00000000080026a0       0xc0 ./Core/Src/photodiode.o
                0x00000000080026a0                photodiode_ADC_to_power
 .text.MX_SPI3_Init
                0x0000000008002760       0x70 ./Core/Src/spi.o
                0x0000000008002760                MX_SPI3_Init
 .text.HAL_SPI_MspInit
                0x00000000080027d0       0x90 ./Core/Src/spi.o
                0x00000000080027d0                HAL_SPI_MspInit
 .text.HAL_MspInit
                0x0000000008002860       0x50 ./Core/Src/stm32f4xx_hal_msp.o
                0x0000000008002860                HAL_MspInit
 .text.NMI_Handler
                0x00000000080028b0        0xe ./Core/Src/stm32f4xx_it.o
                0x00000000080028b0                NMI_Handler
 .text.HardFault_Handler
                0x00000000080028be        0x6 ./Core/Src/stm32f4xx_it.o
                0x00000000080028be                HardFault_Handler
 .text.MemManage_Handler
                0x00000000080028c4        0x6 ./Core/Src/stm32f4xx_it.o
                0x00000000080028c4                MemManage_Handler
 .text.BusFault_Handler
                0x00000000080028ca        0x6 ./Core/Src/stm32f4xx_it.o
                0x00000000080028ca                BusFault_Handler
 .text.UsageFault_Handler
                0x00000000080028d0        0x6 ./Core/Src/stm32f4xx_it.o
                0x00000000080028d0                UsageFault_Handler
 .text.SVC_Handler
                0x00000000080028d6        0xe ./Core/Src/stm32f4xx_it.o
                0x00000000080028d6                SVC_Handler
 .text.DebugMon_Handler
                0x00000000080028e4        0xe ./Core/Src/stm32f4xx_it.o
                0x00000000080028e4                DebugMon_Handler
 .text.PendSV_Handler
                0x00000000080028f2        0xe ./Core/Src/stm32f4xx_it.o
                0x00000000080028f2                PendSV_Handler
 .text.SysTick_Handler
                0x0000000008002900        0xc ./Core/Src/stm32f4xx_it.o
                0x0000000008002900                SysTick_Handler
 .text.TIM1_UP_TIM10_IRQHandler
                0x000000000800290c       0x14 ./Core/Src/stm32f4xx_it.o
                0x000000000800290c                TIM1_UP_TIM10_IRQHandler
 .text.EXTI15_10_IRQHandler
                0x0000000008002920       0x10 ./Core/Src/stm32f4xx_it.o
                0x0000000008002920                EXTI15_10_IRQHandler
 .text.DMA2_Stream0_IRQHandler
                0x0000000008002930       0x14 ./Core/Src/stm32f4xx_it.o
                0x0000000008002930                DMA2_Stream0_IRQHandler
 .text.DMA2_Stream5_IRQHandler
                0x0000000008002944       0x14 ./Core/Src/stm32f4xx_it.o
                0x0000000008002944                DMA2_Stream5_IRQHandler
 .text.DMA2_Stream7_IRQHandler
                0x0000000008002958       0x14 ./Core/Src/stm32f4xx_it.o
                0x0000000008002958                DMA2_Stream7_IRQHandler
 .text._getpid  0x000000000800296c       0x10 ./Core/Src/syscalls.o
                0x000000000800296c                _getpid
 .text._kill    0x000000000800297c       0x20 ./Core/Src/syscalls.o
                0x000000000800297c                _kill
 .text._exit    0x000000000800299c       0x14 ./Core/Src/syscalls.o
                0x000000000800299c                _exit
 .text._read    0x00000000080029b0       0x3a ./Core/Src/syscalls.o
                0x00000000080029b0                _read
 .text._write   0x00000000080029ea       0x38 ./Core/Src/syscalls.o
                0x00000000080029ea                _write
 .text._close   0x0000000008002a22       0x18 ./Core/Src/syscalls.o
                0x0000000008002a22                _close
 .text._fstat   0x0000000008002a3a       0x20 ./Core/Src/syscalls.o
                0x0000000008002a3a                _fstat
 .text._isatty  0x0000000008002a5a       0x16 ./Core/Src/syscalls.o
                0x0000000008002a5a                _isatty
 .text._lseek   0x0000000008002a70       0x1a ./Core/Src/syscalls.o
                0x0000000008002a70                _lseek
 *fill*         0x0000000008002a8a        0x2 
 .text._sbrk    0x0000000008002a8c       0x6c ./Core/Src/sysmem.o
                0x0000000008002a8c                _sbrk
 .text.SystemInit
                0x0000000008002af8       0x2c ./Core/Src/system_stm32f4xx.o
                0x0000000008002af8                SystemInit
 .text.MX_TIM1_Init
                0x0000000008002b24       0xac ./Core/Src/tim.o
                0x0000000008002b24                MX_TIM1_Init
 .text.HAL_TIM_Encoder_MspInit
                0x0000000008002bd0       0xa0 ./Core/Src/tim.o
                0x0000000008002bd0                HAL_TIM_Encoder_MspInit
 .text.MX_USART1_UART_Init
                0x0000000008002c70       0x54 ./Core/Src/usart.o
                0x0000000008002c70                MX_USART1_UART_Init
 .text.HAL_UART_MspInit
                0x0000000008002cc4      0x158 ./Core/Src/usart.o
                0x0000000008002cc4                HAL_UART_MspInit
 .text.Reset_Handler
                0x0000000008002e1c       0x50 ./Core/Startup/startup_stm32f407vgtx.o
                0x0000000008002e1c                Reset_Handler
 .text.Default_Handler
                0x0000000008002e6c        0x2 ./Core/Startup/startup_stm32f407vgtx.o
                0x0000000008002e6c                RTC_Alarm_IRQHandler
                0x0000000008002e6c                HASH_RNG_IRQHandler
                0x0000000008002e6c                EXTI2_IRQHandler
                0x0000000008002e6c                TIM8_CC_IRQHandler
                0x0000000008002e6c                TIM1_CC_IRQHandler
                0x0000000008002e6c                DMA1_Stream5_IRQHandler
                0x0000000008002e6c                PVD_IRQHandler
                0x0000000008002e6c                SDIO_IRQHandler
                0x0000000008002e6c                TAMP_STAMP_IRQHandler
                0x0000000008002e6c                CAN2_RX1_IRQHandler
                0x0000000008002e6c                EXTI3_IRQHandler
                0x0000000008002e6c                TIM8_TRG_COM_TIM14_IRQHandler
                0x0000000008002e6c                TIM8_UP_TIM13_IRQHandler
                0x0000000008002e6c                I2C3_ER_IRQHandler
                0x0000000008002e6c                EXTI0_IRQHandler
                0x0000000008002e6c                I2C2_EV_IRQHandler
                0x0000000008002e6c                DMA1_Stream2_IRQHandler
                0x0000000008002e6c                CAN1_RX0_IRQHandler
                0x0000000008002e6c                FPU_IRQHandler
                0x0000000008002e6c                OTG_HS_WKUP_IRQHandler
                0x0000000008002e6c                CAN2_SCE_IRQHandler
                0x0000000008002e6c                DMA2_Stream2_IRQHandler
                0x0000000008002e6c                SPI1_IRQHandler
                0x0000000008002e6c                TIM6_DAC_IRQHandler
                0x0000000008002e6c                TIM1_BRK_TIM9_IRQHandler
                0x0000000008002e6c                DCMI_IRQHandler
                0x0000000008002e6c                CAN2_RX0_IRQHandler
                0x0000000008002e6c                DMA2_Stream3_IRQHandler
                0x0000000008002e6c                USART6_IRQHandler
                0x0000000008002e6c                USART3_IRQHandler
                0x0000000008002e6c                CAN1_RX1_IRQHandler
                0x0000000008002e6c                UART5_IRQHandler
                0x0000000008002e6c                TIM4_IRQHandler
                0x0000000008002e6c                I2C1_EV_IRQHandler
                0x0000000008002e6c                DMA1_Stream6_IRQHandler
                0x0000000008002e6c                DMA1_Stream1_IRQHandler
                0x0000000008002e6c                UART4_IRQHandler
                0x0000000008002e6c                TIM3_IRQHandler
                0x0000000008002e6c                RCC_IRQHandler
                0x0000000008002e6c                TIM8_BRK_TIM12_IRQHandler
                0x0000000008002e6c                Default_Handler
                0x0000000008002e6c                ADC_IRQHandler
                0x0000000008002e6c                DMA1_Stream7_IRQHandler
                0x0000000008002e6c                TIM7_IRQHandler
                0x0000000008002e6c                CAN2_TX_IRQHandler
                0x0000000008002e6c                TIM5_IRQHandler
                0x0000000008002e6c                I2C3_EV_IRQHandler
                0x0000000008002e6c                EXTI9_5_IRQHandler
                0x0000000008002e6c                RTC_WKUP_IRQHandler
                0x0000000008002e6c                ETH_WKUP_IRQHandler
                0x0000000008002e6c                SPI2_IRQHandler
                0x0000000008002e6c                OTG_HS_EP1_IN_IRQHandler
                0x0000000008002e6c                DMA1_Stream0_IRQHandler
                0x0000000008002e6c                CAN1_TX_IRQHandler
                0x0000000008002e6c                EXTI4_IRQHandler
                0x0000000008002e6c                FSMC_IRQHandler
                0x0000000008002e6c                ETH_IRQHandler
                0x0000000008002e6c                OTG_HS_EP1_OUT_IRQHandler
                0x0000000008002e6c                WWDG_IRQHandler
                0x0000000008002e6c                TIM2_IRQHandler
                0x0000000008002e6c                OTG_FS_WKUP_IRQHandler
                0x0000000008002e6c                TIM1_TRG_COM_TIM11_IRQHandler
                0x0000000008002e6c                OTG_HS_IRQHandler
                0x0000000008002e6c                EXTI1_IRQHandler
                0x0000000008002e6c                USART2_IRQHandler
                0x0000000008002e6c                I2C2_ER_IRQHandler
                0x0000000008002e6c                DMA2_Stream1_IRQHandler
                0x0000000008002e6c                CAN1_SCE_IRQHandler
                0x0000000008002e6c                FLASH_IRQHandler
                0x0000000008002e6c                DMA2_Stream4_IRQHandler
                0x0000000008002e6c                USART1_IRQHandler
                0x0000000008002e6c                OTG_FS_IRQHandler
                0x0000000008002e6c                SPI3_IRQHandler
                0x0000000008002e6c                DMA1_Stream4_IRQHandler
                0x0000000008002e6c                I2C1_ER_IRQHandler
                0x0000000008002e6c                DMA2_Stream6_IRQHandler
                0x0000000008002e6c                DMA1_Stream3_IRQHandler
 *fill*         0x0000000008002e6e        0x2 
 .text.HAL_Init
                0x0000000008002e70       0x44 ./Drivers/STM32F4xx_HAL_Driver/Src/stm32f4xx_hal.o
                0x0000000008002e70                HAL_Init
 .text.HAL_InitTick
                0x0000000008002eb4       0x60 ./Drivers/STM32F4xx_HAL_Driver/Src/stm32f4xx_hal.o
                0x0000000008002eb4                HAL_InitTick
 .text.HAL_IncTick
                0x0000000008002f14       0x28 ./Drivers/STM32F4xx_HAL_Driver/Src/stm32f4xx_hal.o
                0x0000000008002f14                HAL_IncTick
 .text.HAL_GetTick
                0x0000000008002f3c       0x18 ./Drivers/STM32F4xx_HAL_Driver/Src/stm32f4xx_hal.o
                0x0000000008002f3c                HAL_GetTick
 .text.HAL_Delay
                0x0000000008002f54       0x48 ./Drivers/STM32F4xx_HAL_Driver/Src/stm32f4xx_hal.o
                0x0000000008002f54                HAL_Delay
 .text.HAL_ADC_Init
                0x0000000008002f9c       0x86 ./Drivers/STM32F4xx_HAL_Driver/Src/stm32f4xx_hal_adc.o
                0x0000000008002f9c                HAL_ADC_Init
 *fill*         0x0000000008003022        0x2 
 .text.HAL_ADC_Start_DMA
                0x0000000008003024      0x220 ./Drivers/STM32F4xx_HAL_Driver/Src/stm32f4xx_hal_adc.o
                0x0000000008003024                HAL_ADC_Start_DMA
 .text.HAL_ADC_ConvHalfCpltCallback
                0x0000000008003244       0x14 ./Drivers/STM32F4xx_HAL_Driver/Src/stm32f4xx_hal_adc.o
                0x0000000008003244                HAL_ADC_ConvHalfCpltCallback
 .text.HAL_ADC_ErrorCallback
                0x0000000008003258       0x14 ./Drivers/STM32F4xx_HAL_Driver/Src/stm32f4xx_hal_adc.o
                0x0000000008003258                HAL_ADC_ErrorCallback
 .text.HAL_ADC_ConfigChannel
                0x000000000800326c      0x244 ./Drivers/STM32F4xx_HAL_Driver/Src/stm32f4xx_hal_adc.o
                0x000000000800326c                HAL_ADC_ConfigChannel
 .text.ADC_Init
                0x00000000080034b0      0x1f8 ./Drivers/STM32F4xx_HAL_Driver/Src/stm32f4xx_hal_adc.o
 .text.ADC_DMAConvCplt
                0x00000000080036a8       0xba ./Drivers/STM32F4xx_HAL_Driver/Src/stm32f4xx_hal_adc.o
 .text.ADC_DMAHalfConvCplt
                0x0000000008003762       0x1c ./Drivers/STM32F4xx_HAL_Driver/Src/stm32f4xx_hal_adc.o
 .text.ADC_DMAError
                0x000000000800377e       0x2e ./Drivers/STM32F4xx_HAL_Driver/Src/stm32f4xx_hal_adc.o
 .text.__NVIC_SetPriorityGrouping
                0x00000000080037ac       0x48 ./Drivers/STM32F4xx_HAL_Driver/Src/stm32f4xx_hal_cortex.o
 .text.__NVIC_GetPriorityGrouping
                0x00000000080037f4       0x1c ./Drivers/STM32F4xx_HAL_Driver/Src/stm32f4xx_hal_cortex.o
 .text.__NVIC_EnableIRQ
                0x0000000008003810       0x3c ./Drivers/STM32F4xx_HAL_Driver/Src/stm32f4xx_hal_cortex.o
 .text.__NVIC_SetPriority
                0x000000000800384c       0x54 ./Drivers/STM32F4xx_HAL_Driver/Src/stm32f4xx_hal_cortex.o
 .text.NVIC_EncodePriority
                0x00000000080038a0       0x66 ./Drivers/STM32F4xx_HAL_Driver/Src/stm32f4xx_hal_cortex.o
 *fill*         0x0000000008003906        0x2 
 .text.SysTick_Config
                0x0000000008003908       0x44 ./Drivers/STM32F4xx_HAL_Driver/Src/stm32f4xx_hal_cortex.o
 .text.HAL_NVIC_SetPriorityGrouping
                0x000000000800394c       0x16 ./Drivers/STM32F4xx_HAL_Driver/Src/stm32f4xx_hal_cortex.o
                0x000000000800394c                HAL_NVIC_SetPriorityGrouping
 .text.HAL_NVIC_SetPriority
                0x0000000008003962       0x38 ./Drivers/STM32F4xx_HAL_Driver/Src/stm32f4xx_hal_cortex.o
                0x0000000008003962                HAL_NVIC_SetPriority
 .text.HAL_NVIC_EnableIRQ
                0x000000000800399a       0x1c ./Drivers/STM32F4xx_HAL_Driver/Src/stm32f4xx_hal_cortex.o
                0x000000000800399a                HAL_NVIC_EnableIRQ
 .text.HAL_SYSTICK_Config
                0x00000000080039b6       0x18 ./Drivers/STM32F4xx_HAL_Driver/Src/stm32f4xx_hal_cortex.o
                0x00000000080039b6                HAL_SYSTICK_Config
 *fill*         0x00000000080039ce        0x2 
 .text.HAL_DMA_Init
                0x00000000080039d0      0x15c ./Drivers/STM32F4xx_HAL_Driver/Src/stm32f4xx_hal_dma.o
                0x00000000080039d0                HAL_DMA_Init
 .text.HAL_DMA_Start_IT
                0x0000000008003b2c       0xb0 ./Drivers/STM32F4xx_HAL_Driver/Src/stm32f4xx_hal_dma.o
                0x0000000008003b2c                HAL_DMA_Start_IT
 .text.HAL_DMA_IRQHandler
                0x0000000008003bdc      0x314 ./Drivers/STM32F4xx_HAL_Driver/Src/stm32f4xx_hal_dma.o
                0x0000000008003bdc                HAL_DMA_IRQHandler
 .text.DMA_SetConfig
                0x0000000008003ef0       0x5c ./Drivers/STM32F4xx_HAL_Driver/Src/stm32f4xx_hal_dma.o
 .text.DMA_CalcBaseAndBitshift
                0x0000000008003f4c       0x6c ./Drivers/STM32F4xx_HAL_Driver/Src/stm32f4xx_hal_dma.o
 .text.DMA_CheckFifoParam
                0x0000000008003fb8       0xf8 ./Drivers/STM32F4xx_HAL_Driver/Src/stm32f4xx_hal_dma.o
 .text.HAL_GPIO_Init
                0x00000000080040b0      0x338 ./Drivers/STM32F4xx_HAL_Driver/Src/stm32f4xx_hal_gpio.o
                0x00000000080040b0                HAL_GPIO_Init
 .text.HAL_GPIO_WritePin
                0x00000000080043e8       0x32 ./Drivers/STM32F4xx_HAL_Driver/Src/stm32f4xx_hal_gpio.o
                0x00000000080043e8                HAL_GPIO_WritePin
 *fill*         0x000000000800441a        0x2 
 .text.HAL_GPIO_EXTI_IRQHandler
                0x000000000800441c       0x30 ./Drivers/STM32F4xx_HAL_Driver/Src/stm32f4xx_hal_gpio.o
                0x000000000800441c                HAL_GPIO_EXTI_IRQHandler
 .text.HAL_I2C_Init
                0x000000000800444c      0x288 ./Drivers/STM32F4xx_HAL_Driver/Src/stm32f4xx_hal_i2c.o
                0x000000000800444c                HAL_I2C_Init
 .text.HAL_RCC_OscConfig
                0x00000000080046d4      0x4f0 ./Drivers/STM32F4xx_HAL_Driver/Src/stm32f4xx_hal_rcc.o
                0x00000000080046d4                HAL_RCC_OscConfig
 .text.HAL_RCC_ClockConfig
                0x0000000008004bc4      0x1cc ./Drivers/STM32F4xx_HAL_Driver/Src/stm32f4xx_hal_rcc.o
                0x0000000008004bc4                HAL_RCC_ClockConfig
 .text.HAL_RCC_GetSysClockFreq
                0x0000000008004d90      0x1c4 ./Drivers/STM32F4xx_HAL_Driver/Src/stm32f4xx_hal_rcc.o
                0x0000000008004d90                HAL_RCC_GetSysClockFreq
 .text.HAL_RCC_GetHCLKFreq
                0x0000000008004f54       0x18 ./Drivers/STM32F4xx_HAL_Driver/Src/stm32f4xx_hal_rcc.o
                0x0000000008004f54                HAL_RCC_GetHCLKFreq
 .text.HAL_RCC_GetPCLK1Freq
                0x0000000008004f6c       0x28 ./Drivers/STM32F4xx_HAL_Driver/Src/stm32f4xx_hal_rcc.o
                0x0000000008004f6c                HAL_RCC_GetPCLK1Freq
 .text.HAL_RCC_GetPCLK2Freq
                0x0000000008004f94       0x28 ./Drivers/STM32F4xx_HAL_Driver/Src/stm32f4xx_hal_rcc.o
                0x0000000008004f94                HAL_RCC_GetPCLK2Freq
 .text.HAL_SPI_Init
                0x0000000008004fbc      0x112 ./Drivers/STM32F4xx_HAL_Driver/Src/stm32f4xx_hal_spi.o
                0x0000000008004fbc                HAL_SPI_Init
 .text.HAL_SPI_Transmit
                0x00000000080050ce      0x278 ./Drivers/STM32F4xx_HAL_Driver/Src/stm32f4xx_hal_spi.o
                0x00000000080050ce                HAL_SPI_Transmit
 *fill*         0x0000000008005346        0x2 
 .text.SPI_WaitFlagStateUntilTimeout
                0x0000000008005348      0x110 ./Drivers/STM32F4xx_HAL_Driver/Src/stm32f4xx_hal_spi.o
 .text.SPI_EndRxTxTransaction
                0x0000000008005458       0x84 ./Drivers/STM32F4xx_HAL_Driver/Src/stm32f4xx_hal_spi.o
 .text.HAL_TIM_Encoder_Init
                0x00000000080054dc      0x14c ./Drivers/STM32F4xx_HAL_Driver/Src/stm32f4xx_hal_tim.o
                0x00000000080054dc                HAL_TIM_Encoder_Init
 .text.HAL_TIM_Encoder_Start
                0x0000000008005628      0x11c ./Drivers/STM32F4xx_HAL_Driver/Src/stm32f4xx_hal_tim.o
                0x0000000008005628                HAL_TIM_Encoder_Start
 .text.HAL_TIM_IRQHandler
                0x0000000008005744      0x210 ./Drivers/STM32F4xx_HAL_Driver/Src/stm32f4xx_hal_tim.o
                0x0000000008005744                HAL_TIM_IRQHandler
 .text.HAL_TIM_PeriodElapsedCallback
                0x0000000008005954       0x14 ./Drivers/STM32F4xx_HAL_Driver/Src/stm32f4xx_hal_tim.o
                0x0000000008005954                HAL_TIM_PeriodElapsedCallback
 .text.HAL_TIM_OC_DelayElapsedCallback
                0x0000000008005968       0x14 ./Drivers/STM32F4xx_HAL_Driver/Src/stm32f4xx_hal_tim.o
                0x0000000008005968                HAL_TIM_OC_DelayElapsedCallback
 .text.HAL_TIM_IC_CaptureCallback
                0x000000000800597c       0x14 ./Drivers/STM32F4xx_HAL_Driver/Src/stm32f4xx_hal_tim.o
                0x000000000800597c                HAL_TIM_IC_CaptureCallback
 .text.HAL_TIM_PWM_PulseFinishedCallback
                0x0000000008005990       0x14 ./Drivers/STM32F4xx_HAL_Driver/Src/stm32f4xx_hal_tim.o
                0x0000000008005990                HAL_TIM_PWM_PulseFinishedCallback
 .text.HAL_TIM_TriggerCallback
                0x00000000080059a4       0x14 ./Drivers/STM32F4xx_HAL_Driver/Src/stm32f4xx_hal_tim.o
                0x00000000080059a4                HAL_TIM_TriggerCallback
 .text.TIM_Base_SetConfig
                0x00000000080059b8      0x140 ./Drivers/STM32F4xx_HAL_Driver/Src/stm32f4xx_hal_tim.o
                0x00000000080059b8                TIM_Base_SetConfig
 .text.TIM_CCxChannelCmd
                0x0000000008005af8       0x4a ./Drivers/STM32F4xx_HAL_Driver/Src/stm32f4xx_hal_tim.o
                0x0000000008005af8                TIM_CCxChannelCmd
 *fill*         0x0000000008005b42        0x2 
 .text.HAL_TIMEx_MasterConfigSynchronization
                0x0000000008005b44       0xf8 ./Drivers/STM32F4xx_HAL_Driver/Src/stm32f4xx_hal_tim_ex.o
                0x0000000008005b44                HAL_TIMEx_MasterConfigSynchronization
 .text.HAL_TIMEx_CommutCallback
                0x0000000008005c3c       0x14 ./Drivers/STM32F4xx_HAL_Driver/Src/stm32f4xx_hal_tim_ex.o
                0x0000000008005c3c                HAL_TIMEx_CommutCallback
 .text.HAL_TIMEx_BreakCallback
                0x0000000008005c50       0x14 ./Drivers/STM32F4xx_HAL_Driver/Src/stm32f4xx_hal_tim_ex.o
                0x0000000008005c50                HAL_TIMEx_BreakCallback
 .text.HAL_UART_Init
                0x0000000008005c64       0x9a ./Drivers/STM32F4xx_HAL_Driver/Src/stm32f4xx_hal_uart.o
                0x0000000008005c64                HAL_UART_Init
 *fill*         0x0000000008005cfe        0x2 
 .text.UART_SetConfig
                0x0000000008005d00      0x390 ./Drivers/STM32F4xx_HAL_Driver/Src/stm32f4xx_hal_uart.o
 .text.ST7735_Select
                0x0000000008006090       0x18 ./menu/Src/ST7735.o
                0x0000000008006090                ST7735_Select
 .text.ST7735_Unselect
                0x00000000080060a8       0x18 ./menu/Src/ST7735.o
                0x00000000080060a8                ST7735_Unselect
 .text.ST7735_Reset
                0x00000000080060c0       0x2c ./menu/Src/ST7735.o
                0x00000000080060c0                ST7735_Reset
 .text.ST7735_WriteCommand
                0x00000000080060ec       0x34 ./menu/Src/ST7735.o
                0x00000000080060ec                ST7735_WriteCommand
 .text.ST7735_WriteData
                0x0000000008006120       0x34 ./menu/Src/ST7735.o
                0x0000000008006120                ST7735_WriteData
 .text.DisplayInit
                0x0000000008006154       0x92 ./menu/Src/ST7735.o
                0x0000000008006154                DisplayInit
 *fill*         0x00000000080061e6        0x2 
 .text.ST7735_SetAddressWindow
                0x00000000080061e8       0x90 ./menu/Src/ST7735.o
                0x00000000080061e8                ST7735_SetAddressWindow
 .text.ST7735_Init
                0x0000000008006278       0x58 ./menu/Src/ST7735.o
                0x0000000008006278                ST7735_Init
 .text.ST7735_SetRotation
                0x00000000080062d0      0x100 ./menu/Src/ST7735.o
                0x00000000080062d0                ST7735_SetRotation
 .text.ST7735_DrawPixel
                0x00000000080063d0       0x7c ./menu/Src/ST7735.o
                0x00000000080063d0                ST7735_DrawPixel
 .text.ST7735_WriteChar
                0x000000000800644c       0xee ./menu/Src/ST7735.o
                0x000000000800644c                ST7735_WriteChar
 *fill*         0x000000000800653a        0x2 
 .text.ST7735_WriteString
                0x000000000800653c       0xa8 ./menu/Src/ST7735.o
                0x000000000800653c                ST7735_WriteString
 .text.ST7735_FillRectangle
                0x00000000080065e4      0x110 ./menu/Src/ST7735.o
                0x00000000080065e4                ST7735_FillRectangle
 .text.ST7735_FillScreen
                0x00000000080066f4       0x38 ./menu/Src/ST7735.o
                0x00000000080066f4                ST7735_FillScreen
 .text.HAL_GPIO_EXTI_Callback
                0x000000000800672c       0x28 ./menu/Src/encoder.o
                0x000000000800672c                HAL_GPIO_EXTI_Callback
 .text.encoder_struct_init
                0x0000000008006754       0x24 ./menu/Src/encoder.o
                0x0000000008006754                encoder_struct_init
 .text.encoder_reset_flags
                0x0000000008006778       0x26 ./menu/Src/encoder.o
                0x0000000008006778                encoder_reset_flags
 .text.encoder_check_counter
                0x000000000800679e       0x20 ./menu/Src/encoder.o
                0x000000000800679e                encoder_check_counter
 .text.encoder_toggle_button
                0x00000000080067be       0x2a ./menu/Src/encoder.o
                0x00000000080067be                encoder_toggle_button
 .text.encoder_check_direction
                0x00000000080067e8       0xc4 ./menu/Src/encoder.o
                0x00000000080067e8                encoder_check_direction
 .text.encoder_step_clockwise
                0x00000000080068ac       0x2a ./menu/Src/encoder.o
                0x00000000080068ac                encoder_step_clockwise
 .text.encoder_step_counterclockwise
                0x00000000080068d6       0x2a ./menu/Src/encoder.o
                0x00000000080068d6                encoder_step_counterclockwise
 .text.encoder_enter
                0x0000000008006900       0x2a ./menu/Src/encoder.o
                0x0000000008006900                encoder_enter
 *fill*         0x000000000800692a        0x2 
 .text.Menu_GetMenuItemsNo
                0x000000000800692c       0x38 ./menu/Src/menu.o
                0x000000000800692c                Menu_GetMenuItemsNo
 .text.Menu_GetMenuItem
                0x0000000008006964       0x3c ./menu/Src/menu.o
                0x0000000008006964                Menu_GetMenuItem
 .text.Menu_GetMenuRows
                0x00000000080069a0       0x28 ./menu/Src/menu.o
                0x00000000080069a0                Menu_GetMenuRows
 .text.Menu_Show
                0x00000000080069c8      0x1b4 ./menu/Src/menu.o
                0x00000000080069c8                Menu_Show
 .text.Menu_SelectNext
                0x0000000008006b7c       0xdc ./menu/Src/menu.o
                0x0000000008006b7c                Menu_SelectNext
 .text.Menu_SelectPrev
                0x0000000008006c58       0x9c ./menu/Src/menu.o
                0x0000000008006c58                Menu_SelectPrev
 .text.Menu_Back
                0x0000000008006cf4       0x30 ./menu/Src/menu.o
                0x0000000008006cf4                Menu_Back
 .text.Menu_Click
                0x0000000008006d24       0x64 ./menu/Src/menu.o
                0x0000000008006d24                Menu_Click
 .text.GUI_init
                0x0000000008006d88       0x3c ./menu/Src/menu.o
                0x0000000008006d88                GUI_init
 .text.func_A1  0x0000000008006dc4       0x20 ./menu/Src/menu_definition.o
                0x0000000008006dc4                func_A1
 .text.func_A2  0x0000000008006de4       0x20 ./menu/Src/menu_definition.o
                0x0000000008006de4                func_A2
 .text.func_A3  0x0000000008006e04       0x20 ./menu/Src/menu_definition.o
                0x0000000008006e04                func_A3
 .text.func_A4  0x0000000008006e24       0x20 ./menu/Src/menu_definition.o
                0x0000000008006e24                func_A4
 .text.func_B1  0x0000000008006e44       0x20 ./menu/Src/menu_definition.o
                0x0000000008006e44                func_B1
 .text.func_B2  0x0000000008006e64       0x20 ./menu/Src/menu_definition.o
                0x0000000008006e64                func_B2
 .text.func_B3  0x0000000008006e84       0x20 ./menu/Src/menu_definition.o
                0x0000000008006e84                func_B3
 .text.func_B4  0x0000000008006ea4       0x20 ./menu/Src/menu_definition.o
                0x0000000008006ea4                func_B4
 .text.func_C1  0x0000000008006ec4       0x20 ./menu/Src/menu_definition.o
                0x0000000008006ec4                func_C1
 .text.func_C2  0x0000000008006ee4       0x20 ./menu/Src/menu_definition.o
                0x0000000008006ee4                func_C2
 .text.func_C3  0x0000000008006f04       0x20 ./menu/Src/menu_definition.o
                0x0000000008006f04                func_C3
 .text.func_C4  0x0000000008006f24       0x20 ./menu/Src/menu_definition.o
                0x0000000008006f24                func_C4
 .text.func_D1  0x0000000008006f44       0x20 ./menu/Src/menu_definition.o
                0x0000000008006f44                func_D1
 .text.func_D2  0x0000000008006f64       0x20 ./menu/Src/menu_definition.o
                0x0000000008006f64                func_D2
 .text.func_D3  0x0000000008006f84       0x20 ./menu/Src/menu_definition.o
                0x0000000008006f84                func_D3
 .text.func_D4  0x0000000008006fa4       0x20 ./menu/Src/menu_definition.o
                0x0000000008006fa4                func_D4
 .text.func_display
                0x0000000008006fc4       0x24 ./menu/Src/menu_definition.o
                0x0000000008006fc4                func_display
 .text.UG_Init  0x0000000008006fe8      0x108 ./menu/Src/ugui.o
                0x0000000008006fe8                UG_Init
 .text.UG_FontSelect
                0x00000000080070f0       0x7c ./menu/Src/ugui.o
                0x00000000080070f0                UG_FontSelect
 .text.UG_FillScreen
                0x000000000800716c       0x44 ./menu/Src/ugui.o
                0x000000000800716c                UG_FillScreen
 .text.UG_FillFrame
                0x00000000080071b0       0xe0 ./menu/Src/ugui.o
                0x00000000080071b0                UG_FillFrame
 .text.UG_PutString
                0x0000000008007290       0xd0 ./menu/Src/ugui.o
                0x0000000008007290                UG_PutString
 .text.UG_PutChar
                0x0000000008007360      0x218 ./menu/Src/ugui.o
                0x0000000008007360                UG_PutChar
 .text.UG_SetForecolor
                0x0000000008007578       0x20 ./menu/Src/ugui.o
                0x0000000008007578                UG_SetForecolor
 .text.UG_SetBackcolor
                0x0000000008007598       0x20 ./menu/Src/ugui.o
                0x0000000008007598                UG_SetBackcolor
 .text.UG_GetXDim
                0x00000000080075b8       0x1c ./menu/Src/ugui.o
                0x00000000080075b8                UG_GetXDim
 .text.UG_GetYDim
                0x00000000080075d4       0x1c ./menu/Src/ugui.o
                0x00000000080075d4                UG_GetYDim
 .text.__errno  0x00000000080075f0        0xc c:/st/stm32cubeide_1.6.1/stm32cubeide/plugins/com.st.stm32cube.ide.mcu.externaltools.gnu-tools-for-stm32.9-2020-q2-update.win32_2.0.0.202105311346/tools/bin/../lib/gcc/arm-none-eabi/9.3.1/../../../../arm-none-eabi/lib/thumb/v7e-m+fp/hard\libc_nano.a(lib_a-errno.o)
                0x00000000080075f0                __errno
 .text.__libc_init_array
                0x00000000080075fc       0x48 c:/st/stm32cubeide_1.6.1/stm32cubeide/plugins/com.st.stm32cube.ide.mcu.externaltools.gnu-tools-for-stm32.9-2020-q2-update.win32_2.0.0.202105311346/tools/bin/../lib/gcc/arm-none-eabi/9.3.1/../../../../arm-none-eabi/lib/thumb/v7e-m+fp/hard\libc_nano.a(lib_a-init.o)
                0x00000000080075fc                __libc_init_array
 .text.memset   0x0000000008007644       0x10 c:/st/stm32cubeide_1.6.1/stm32cubeide/plugins/com.st.stm32cube.ide.mcu.externaltools.gnu-tools-for-stm32.9-2020-q2-update.win32_2.0.0.202105311346/tools/bin/../lib/gcc/arm-none-eabi/9.3.1/../../../../arm-none-eabi/lib/thumb/v7e-m+fp/hard\libc_nano.a(lib_a-memset.o)
                0x0000000008007644                memset
 .text.__cvt    0x0000000008007654       0xc4 c:/st/stm32cubeide_1.6.1/stm32cubeide/plugins/com.st.stm32cube.ide.mcu.externaltools.gnu-tools-for-stm32.9-2020-q2-update.win32_2.0.0.202105311346/tools/bin/../lib/gcc/arm-none-eabi/9.3.1/../../../../arm-none-eabi/lib/thumb/v7e-m+fp/hard\libc_nano.a(lib_a-nano-vfprintf_float.o)
                0x0000000008007654                __cvt
 .text.__exponent
                0x0000000008007718       0x7c c:/st/stm32cubeide_1.6.1/stm32cubeide/plugins/com.st.stm32cube.ide.mcu.externaltools.gnu-tools-for-stm32.9-2020-q2-update.win32_2.0.0.202105311346/tools/bin/../lib/gcc/arm-none-eabi/9.3.1/../../../../arm-none-eabi/lib/thumb/v7e-m+fp/hard\libc_nano.a(lib_a-nano-vfprintf_float.o)
                0x0000000008007718                __exponent
 .text._printf_float
                0x0000000008007794      0x46c c:/st/stm32cubeide_1.6.1/stm32cubeide/plugins/com.st.stm32cube.ide.mcu.externaltools.gnu-tools-for-stm32.9-2020-q2-update.win32_2.0.0.202105311346/tools/bin/../lib/gcc/arm-none-eabi/9.3.1/../../../../arm-none-eabi/lib/thumb/v7e-m+fp/hard\libc_nano.a(lib_a-nano-vfprintf_float.o)
                0x0000000008007794                _printf_float
 .text._printf_common
                0x0000000008007c00       0xda c:/st/stm32cubeide_1.6.1/stm32cubeide/plugins/com.st.stm32cube.ide.mcu.externaltools.gnu-tools-for-stm32.9-2020-q2-update.win32_2.0.0.202105311346/tools/bin/../lib/gcc/arm-none-eabi/9.3.1/../../../../arm-none-eabi/lib/thumb/v7e-m+fp/hard\libc_nano.a(lib_a-nano-vfprintf_i.o)
                0x0000000008007c00                _printf_common
 *fill*         0x0000000008007cda        0x2 
 .text._printf_i
                0x0000000008007cdc      0x24c c:/st/stm32cubeide_1.6.1/stm32cubeide/plugins/com.st.stm32cube.ide.mcu.externaltools.gnu-tools-for-stm32.9-2020-q2-update.win32_2.0.0.202105311346/tools/bin/../lib/gcc/arm-none-eabi/9.3.1/../../../../arm-none-eabi/lib/thumb/v7e-m+fp/hard\libc_nano.a(lib_a-nano-vfprintf_i.o)
                0x0000000008007cdc                _printf_i
 .text._scanf_float
                0x0000000008007f28      0x420 c:/st/stm32cubeide_1.6.1/stm32cubeide/plugins/com.st.stm32cube.ide.mcu.externaltools.gnu-tools-for-stm32.9-2020-q2-update.win32_2.0.0.202105311346/tools/bin/../lib/gcc/arm-none-eabi/9.3.1/../../../../arm-none-eabi/lib/thumb/v7e-m+fp/hard\libc_nano.a(lib_a-nano-vfscanf_float.o)
                0x0000000008007f28                _scanf_float
 .text.nanf     0x0000000008008348        0xc c:/st/stm32cubeide_1.6.1/stm32cubeide/plugins/com.st.stm32cube.ide.mcu.externaltools.gnu-tools-for-stm32.9-2020-q2-update.win32_2.0.0.202105311346/tools/bin/../lib/gcc/arm-none-eabi/9.3.1/../../../../arm-none-eabi/lib/thumb/v7e-m+fp/hard\libc_nano.a(lib_a-sf_nan.o)
                0x0000000008008348                nanf
 .text.sprintf  0x0000000008008354       0x40 c:/st/stm32cubeide_1.6.1/stm32cubeide/plugins/com.st.stm32cube.ide.mcu.externaltools.gnu-tools-for-stm32.9-2020-q2-update.win32_2.0.0.202105311346/tools/bin/../lib/gcc/arm-none-eabi/9.3.1/../../../../arm-none-eabi/lib/thumb/v7e-m+fp/hard\libc_nano.a(lib_a-sprintf.o)
                0x0000000008008354                siprintf
                0x0000000008008354                sprintf
 .text.sulp     0x0000000008008394       0x38 c:/st/stm32cubeide_1.6.1/stm32cubeide/plugins/com.st.stm32cube.ide.mcu.externaltools.gnu-tools-for-stm32.9-2020-q2-update.win32_2.0.0.202105311346/tools/bin/../lib/gcc/arm-none-eabi/9.3.1/../../../../arm-none-eabi/lib/thumb/v7e-m+fp/hard\libc_nano.a(lib_a-strtod.o)
 *fill*         0x00000000080083cc        0x4 
 .text._strtod_l
                0x00000000080083d0      0xc14 c:/st/stm32cubeide_1.6.1/stm32cubeide/plugins/com.st.stm32cube.ide.mcu.externaltools.gnu-tools-for-stm32.9-2020-q2-update.win32_2.0.0.202105311346/tools/bin/../lib/gcc/arm-none-eabi/9.3.1/../../../../arm-none-eabi/lib/thumb/v7e-m+fp/hard\libc_nano.a(lib_a-strtod.o)
                0x00000000080083d0                _strtod_l
 .text._strtod_r
                0x0000000008008fe4        0xc c:/st/stm32cubeide_1.6.1/stm32cubeide/plugins/com.st.stm32cube.ide.mcu.externaltools.gnu-tools-for-stm32.9-2020-q2-update.win32_2.0.0.202105311346/tools/bin/../lib/gcc/arm-none-eabi/9.3.1/../../../../arm-none-eabi/lib/thumb/v7e-m+fp/hard\libc_nano.a(lib_a-strtod.o)
                0x0000000008008fe4                _strtod_r
 .text._strtol_l.isra.0
                0x0000000008008ff0      0x108 c:/st/stm32cubeide_1.6.1/stm32cubeide/plugins/com.st.stm32cube.ide.mcu.externaltools.gnu-tools-for-stm32.9-2020-q2-update.win32_2.0.0.202105311346/tools/bin/../lib/gcc/arm-none-eabi/9.3.1/../../../../arm-none-eabi/lib/thumb/v7e-m+fp/hard\libc_nano.a(lib_a-strtol.o)
 .text._strtol_r
                0x00000000080090f8        0x4 c:/st/stm32cubeide_1.6.1/stm32cubeide/plugins/com.st.stm32cube.ide.mcu.externaltools.gnu-tools-for-stm32.9-2020-q2-update.win32_2.0.0.202105311346/tools/bin/../lib/gcc/arm-none-eabi/9.3.1/../../../../arm-none-eabi/lib/thumb/v7e-m+fp/hard\libc_nano.a(lib_a-strtol.o)
                0x00000000080090f8                _strtol_r
 .text.quorem   0x00000000080090fc      0x116 c:/st/stm32cubeide_1.6.1/stm32cubeide/plugins/com.st.stm32cube.ide.mcu.externaltools.gnu-tools-for-stm32.9-2020-q2-update.win32_2.0.0.202105311346/tools/bin/../lib/gcc/arm-none-eabi/9.3.1/../../../../arm-none-eabi/lib/thumb/v7e-m+fp/hard\libc_nano.a(lib_a-dtoa.o)
 *fill*         0x0000000008009212        0x6 
 .text._dtoa_r  0x0000000008009218      0xbd8 c:/st/stm32cubeide_1.6.1/stm32cubeide/plugins/com.st.stm32cube.ide.mcu.externaltools.gnu-tools-for-stm32.9-2020-q2-update.win32_2.0.0.202105311346/tools/bin/../lib/gcc/arm-none-eabi/9.3.1/../../../../arm-none-eabi/lib/thumb/v7e-m+fp/hard\libc_nano.a(lib_a-dtoa.o)
                0x0000000008009218                _dtoa_r
 .text.rshift   0x0000000008009df0       0xa4 c:/st/stm32cubeide_1.6.1/stm32cubeide/plugins/com.st.stm32cube.ide.mcu.externaltools.gnu-tools-for-stm32.9-2020-q2-update.win32_2.0.0.202105311346/tools/bin/../lib/gcc/arm-none-eabi/9.3.1/../../../../arm-none-eabi/lib/thumb/v7e-m+fp/hard\libc_nano.a(lib_a-gdtoa-gethex.o)
 .text.__hexdig_fun
                0x0000000008009e94       0x2a c:/st/stm32cubeide_1.6.1/stm32cubeide/plugins/com.st.stm32cube.ide.mcu.externaltools.gnu-tools-for-stm32.9-2020-q2-update.win32_2.0.0.202105311346/tools/bin/../lib/gcc/arm-none-eabi/9.3.1/../../../../arm-none-eabi/lib/thumb/v7e-m+fp/hard\libc_nano.a(lib_a-gdtoa-gethex.o)
                0x0000000008009e94                __hexdig_fun
 *fill*         0x0000000008009ebe        0x2 
 .text.__gethex
                0x0000000008009ec0      0x48c c:/st/stm32cubeide_1.6.1/stm32cubeide/plugins/com.st.stm32cube.ide.mcu.externaltools.gnu-tools-for-stm32.9-2020-q2-update.win32_2.0.0.202105311346/tools/bin/../lib/gcc/arm-none-eabi/9.3.1/../../../../arm-none-eabi/lib/thumb/v7e-m+fp/hard\libc_nano.a(lib_a-gdtoa-gethex.o)
                0x0000000008009ec0                __gethex
 .text.L_shift  0x000000000800a34c       0x24 c:/st/stm32cubeide_1.6.1/stm32cubeide/plugins/com.st.stm32cube.ide.mcu.externaltools.gnu-tools-for-stm32.9-2020-q2-update.win32_2.0.0.202105311346/tools/bin/../lib/gcc/arm-none-eabi/9.3.1/../../../../arm-none-eabi/lib/thumb/v7e-m+fp/hard\libc_nano.a(lib_a-gdtoa-hexnan.o)
 .text.__match  0x000000000800a370       0x28 c:/st/stm32cubeide_1.6.1/stm32cubeide/plugins/com.st.stm32cube.ide.mcu.externaltools.gnu-tools-for-stm32.9-2020-q2-update.win32_2.0.0.202105311346/tools/bin/../lib/gcc/arm-none-eabi/9.3.1/../../../../arm-none-eabi/lib/thumb/v7e-m+fp/hard\libc_nano.a(lib_a-gdtoa-hexnan.o)
                0x000000000800a370                __match
 .text.__hexnan
                0x000000000800a398      0x138 c:/st/stm32cubeide_1.6.1/stm32cubeide/plugins/com.st.stm32cube.ide.mcu.externaltools.gnu-tools-for-stm32.9-2020-q2-update.win32_2.0.0.202105311346/tools/bin/../lib/gcc/arm-none-eabi/9.3.1/../../../../arm-none-eabi/lib/thumb/v7e-m+fp/hard\libc_nano.a(lib_a-gdtoa-hexnan.o)
                0x000000000800a398                __hexnan
 .text._localeconv_r
                0x000000000800a4d0        0x8 c:/st/stm32cubeide_1.6.1/stm32cubeide/plugins/com.st.stm32cube.ide.mcu.externaltools.gnu-tools-for-stm32.9-2020-q2-update.win32_2.0.0.202105311346/tools/bin/../lib/gcc/arm-none-eabi/9.3.1/../../../../arm-none-eabi/lib/thumb/v7e-m+fp/hard\libc_nano.a(lib_a-localeconv.o)
                0x000000000800a4d0                _localeconv_r
 .text.malloc   0x000000000800a4d8       0x10 c:/st/stm32cubeide_1.6.1/stm32cubeide/plugins/com.st.stm32cube.ide.mcu.externaltools.gnu-tools-for-stm32.9-2020-q2-update.win32_2.0.0.202105311346/tools/bin/../lib/gcc/arm-none-eabi/9.3.1/../../../../arm-none-eabi/lib/thumb/v7e-m+fp/hard\libc_nano.a(lib_a-malloc.o)
                0x000000000800a4d8                malloc
 .text.__ascii_mbtowc
                0x000000000800a4e8       0x24 c:/st/stm32cubeide_1.6.1/stm32cubeide/plugins/com.st.stm32cube.ide.mcu.externaltools.gnu-tools-for-stm32.9-2020-q2-update.win32_2.0.0.202105311346/tools/bin/../lib/gcc/arm-none-eabi/9.3.1/../../../../arm-none-eabi/lib/thumb/v7e-m+fp/hard\libc_nano.a(lib_a-mbtowc_r.o)
                0x000000000800a4e8                __ascii_mbtowc
 .text.memcpy   0x000000000800a50c       0x1c c:/st/stm32cubeide_1.6.1/stm32cubeide/plugins/com.st.stm32cube.ide.mcu.externaltools.gnu-tools-for-stm32.9-2020-q2-update.win32_2.0.0.202105311346/tools/bin/../lib/gcc/arm-none-eabi/9.3.1/../../../../arm-none-eabi/lib/thumb/v7e-m+fp/hard\libc_nano.a(lib_a-memcpy-stub.o)
                0x000000000800a50c                memcpy
 .text._Balloc  0x000000000800a528       0x80 c:/st/stm32cubeide_1.6.1/stm32cubeide/plugins/com.st.stm32cube.ide.mcu.externaltools.gnu-tools-for-stm32.9-2020-q2-update.win32_2.0.0.202105311346/tools/bin/../lib/gcc/arm-none-eabi/9.3.1/../../../../arm-none-eabi/lib/thumb/v7e-m+fp/hard\libc_nano.a(lib_a-mprec.o)
                0x000000000800a528                _Balloc
 .text._Bfree   0x000000000800a5a8       0x44 c:/st/stm32cubeide_1.6.1/stm32cubeide/plugins/com.st.stm32cube.ide.mcu.externaltools.gnu-tools-for-stm32.9-2020-q2-update.win32_2.0.0.202105311346/tools/bin/../lib/gcc/arm-none-eabi/9.3.1/../../../../arm-none-eabi/lib/thumb/v7e-m+fp/hard\libc_nano.a(lib_a-mprec.o)
                0x000000000800a5a8                _Bfree
 .text.__multadd
                0x000000000800a5ec       0x94 c:/st/stm32cubeide_1.6.1/stm32cubeide/plugins/com.st.stm32cube.ide.mcu.externaltools.gnu-tools-for-stm32.9-2020-q2-update.win32_2.0.0.202105311346/tools/bin/../lib/gcc/arm-none-eabi/9.3.1/../../../../arm-none-eabi/lib/thumb/v7e-m+fp/hard\libc_nano.a(lib_a-mprec.o)
                0x000000000800a5ec                __multadd
 .text.__s2b    0x000000000800a680       0x94 c:/st/stm32cubeide_1.6.1/stm32cubeide/plugins/com.st.stm32cube.ide.mcu.externaltools.gnu-tools-for-stm32.9-2020-q2-update.win32_2.0.0.202105311346/tools/bin/../lib/gcc/arm-none-eabi/9.3.1/../../../../arm-none-eabi/lib/thumb/v7e-m+fp/hard\libc_nano.a(lib_a-mprec.o)
                0x000000000800a680                __s2b
 .text.__hi0bits
                0x000000000800a714       0x40 c:/st/stm32cubeide_1.6.1/stm32cubeide/plugins/com.st.stm32cube.ide.mcu.externaltools.gnu-tools-for-stm32.9-2020-q2-update.win32_2.0.0.202105311346/tools/bin/../lib/gcc/arm-none-eabi/9.3.1/../../../../arm-none-eabi/lib/thumb/v7e-m+fp/hard\libc_nano.a(lib_a-mprec.o)
                0x000000000800a714                __hi0bits
 .text.__lo0bits
                0x000000000800a754       0x60 c:/st/stm32cubeide_1.6.1/stm32cubeide/plugins/com.st.stm32cube.ide.mcu.externaltools.gnu-tools-for-stm32.9-2020-q2-update.win32_2.0.0.202105311346/tools/bin/../lib/gcc/arm-none-eabi/9.3.1/../../../../arm-none-eabi/lib/thumb/v7e-m+fp/hard\libc_nano.a(lib_a-mprec.o)
                0x000000000800a754                __lo0bits
 .text.__i2b    0x000000000800a7b4       0x2c c:/st/stm32cubeide_1.6.1/stm32cubeide/plugins/com.st.stm32cube.ide.mcu.externaltools.gnu-tools-for-stm32.9-2020-q2-update.win32_2.0.0.202105311346/tools/bin/../lib/gcc/arm-none-eabi/9.3.1/../../../../arm-none-eabi/lib/thumb/v7e-m+fp/hard\libc_nano.a(lib_a-mprec.o)
                0x000000000800a7b4                __i2b
 .text.__multiply
                0x000000000800a7e0      0x14c c:/st/stm32cubeide_1.6.1/stm32cubeide/plugins/com.st.stm32cube.ide.mcu.externaltools.gnu-tools-for-stm32.9-2020-q2-update.win32_2.0.0.202105311346/tools/bin/../lib/gcc/arm-none-eabi/9.3.1/../../../../arm-none-eabi/lib/thumb/v7e-m+fp/hard\libc_nano.a(lib_a-mprec.o)
                0x000000000800a7e0                __multiply
 .text.__pow5mult
                0x000000000800a92c       0xb4 c:/st/stm32cubeide_1.6.1/stm32cubeide/plugins/com.st.stm32cube.ide.mcu.externaltools.gnu-tools-for-stm32.9-2020-q2-update.win32_2.0.0.202105311346/tools/bin/../lib/gcc/arm-none-eabi/9.3.1/../../../../arm-none-eabi/lib/thumb/v7e-m+fp/hard\libc_nano.a(lib_a-mprec.o)
                0x000000000800a92c                __pow5mult
 .text.__lshift
                0x000000000800a9e0       0xd8 c:/st/stm32cubeide_1.6.1/stm32cubeide/plugins/com.st.stm32cube.ide.mcu.externaltools.gnu-tools-for-stm32.9-2020-q2-update.win32_2.0.0.202105311346/tools/bin/../lib/gcc/arm-none-eabi/9.3.1/../../../../arm-none-eabi/lib/thumb/v7e-m+fp/hard\libc_nano.a(lib_a-mprec.o)
                0x000000000800a9e0                __lshift
 .text.__mcmp   0x000000000800aab8       0x38 c:/st/stm32cubeide_1.6.1/stm32cubeide/plugins/com.st.stm32cube.ide.mcu.externaltools.gnu-tools-for-stm32.9-2020-q2-update.win32_2.0.0.202105311346/tools/bin/../lib/gcc/arm-none-eabi/9.3.1/../../../../arm-none-eabi/lib/thumb/v7e-m+fp/hard\libc_nano.a(lib_a-mprec.o)
                0x000000000800aab8                __mcmp
 .text.__mdiff  0x000000000800aaf0      0x110 c:/st/stm32cubeide_1.6.1/stm32cubeide/plugins/com.st.stm32cube.ide.mcu.externaltools.gnu-tools-for-stm32.9-2020-q2-update.win32_2.0.0.202105311346/tools/bin/../lib/gcc/arm-none-eabi/9.3.1/../../../../arm-none-eabi/lib/thumb/v7e-m+fp/hard\libc_nano.a(lib_a-mprec.o)
                0x000000000800aaf0                __mdiff
 .text.__ulp    0x000000000800ac00       0x58 c:/st/stm32cubeide_1.6.1/stm32cubeide/plugins/com.st.stm32cube.ide.mcu.externaltools.gnu-tools-for-stm32.9-2020-q2-update.win32_2.0.0.202105311346/tools/bin/../lib/gcc/arm-none-eabi/9.3.1/../../../../arm-none-eabi/lib/thumb/v7e-m+fp/hard\libc_nano.a(lib_a-mprec.o)
                0x000000000800ac00                __ulp
 .text.__b2d    0x000000000800ac58       0xa0 c:/st/stm32cubeide_1.6.1/stm32cubeide/plugins/com.st.stm32cube.ide.mcu.externaltools.gnu-tools-for-stm32.9-2020-q2-update.win32_2.0.0.202105311346/tools/bin/../lib/gcc/arm-none-eabi/9.3.1/../../../../arm-none-eabi/lib/thumb/v7e-m+fp/hard\libc_nano.a(lib_a-mprec.o)
                0x000000000800ac58                __b2d
 .text.__d2b    0x000000000800acf8       0xb8 c:/st/stm32cubeide_1.6.1/stm32cubeide/plugins/com.st.stm32cube.ide.mcu.externaltools.gnu-tools-for-stm32.9-2020-q2-update.win32_2.0.0.202105311346/tools/bin/../lib/gcc/arm-none-eabi/9.3.1/../../../../arm-none-eabi/lib/thumb/v7e-m+fp/hard\libc_nano.a(lib_a-mprec.o)
                0x000000000800acf8                __d2b
 .text.__ratio  0x000000000800adb0       0x66 c:/st/stm32cubeide_1.6.1/stm32cubeide/plugins/com.st.stm32cube.ide.mcu.externaltools.gnu-tools-for-stm32.9-2020-q2-update.win32_2.0.0.202105311346/tools/bin/../lib/gcc/arm-none-eabi/9.3.1/../../../../arm-none-eabi/lib/thumb/v7e-m+fp/hard\libc_nano.a(lib_a-mprec.o)
                0x000000000800adb0                __ratio
 .text.__copybits
                0x000000000800ae16       0x46 c:/st/stm32cubeide_1.6.1/stm32cubeide/plugins/com.st.stm32cube.ide.mcu.externaltools.gnu-tools-for-stm32.9-2020-q2-update.win32_2.0.0.202105311346/tools/bin/../lib/gcc/arm-none-eabi/9.3.1/../../../../arm-none-eabi/lib/thumb/v7e-m+fp/hard\libc_nano.a(lib_a-mprec.o)
                0x000000000800ae16                __copybits
 .text.__any_on
                0x000000000800ae5c       0x42 c:/st/stm32cubeide_1.6.1/stm32cubeide/plugins/com.st.stm32cube.ide.mcu.externaltools.gnu-tools-for-stm32.9-2020-q2-update.win32_2.0.0.202105311346/tools/bin/../lib/gcc/arm-none-eabi/9.3.1/../../../../arm-none-eabi/lib/thumb/v7e-m+fp/hard\libc_nano.a(lib_a-mprec.o)
                0x000000000800ae5c                __any_on
 .text._calloc_r
                0x000000000800ae9e       0x1e c:/st/stm32cubeide_1.6.1/stm32cubeide/plugins/com.st.stm32cube.ide.mcu.externaltools.gnu-tools-for-stm32.9-2020-q2-update.win32_2.0.0.202105311346/tools/bin/../lib/gcc/arm-none-eabi/9.3.1/../../../../arm-none-eabi/lib/thumb/v7e-m+fp/hard\libc_nano.a(lib_a-nano-callocr.o)
                0x000000000800ae9e                _calloc_r
 .text._free_r  0x000000000800aebc       0xa0 c:/st/stm32cubeide_1.6.1/stm32cubeide/plugins/com.st.stm32cube.ide.mcu.externaltools.gnu-tools-for-stm32.9-2020-q2-update.win32_2.0.0.202105311346/tools/bin/../lib/gcc/arm-none-eabi/9.3.1/../../../../arm-none-eabi/lib/thumb/v7e-m+fp/hard\libc_nano.a(lib_a-nano-freer.o)
                0x000000000800aebc                _free_r
 .text._malloc_r
                0x000000000800af5c       0xb4 c:/st/stm32cubeide_1.6.1/stm32cubeide/plugins/com.st.stm32cube.ide.mcu.externaltools.gnu-tools-for-stm32.9-2020-q2-update.win32_2.0.0.202105311346/tools/bin/../lib/gcc/arm-none-eabi/9.3.1/../../../../arm-none-eabi/lib/thumb/v7e-m+fp/hard\libc_nano.a(lib_a-nano-mallocr.o)
                0x000000000800af5c                _malloc_r
 .text.__ssputs_r
                0x000000000800b010       0xb6 c:/st/stm32cubeide_1.6.1/stm32cubeide/plugins/com.st.stm32cube.ide.mcu.externaltools.gnu-tools-for-stm32.9-2020-q2-update.win32_2.0.0.202105311346/tools/bin/../lib/gcc/arm-none-eabi/9.3.1/../../../../arm-none-eabi/lib/thumb/v7e-m+fp/hard\libc_nano.a(lib_a-nano-svfprintf.o)
                0x000000000800b010                __ssputs_r
 *fill*         0x000000000800b0c6        0x2 
 .text._svfprintf_r
                0x000000000800b0c8      0x200 c:/st/stm32cubeide_1.6.1/stm32cubeide/plugins/com.st.stm32cube.ide.mcu.externaltools.gnu-tools-for-stm32.9-2020-q2-update.win32_2.0.0.202105311346/tools/bin/../lib/gcc/arm-none-eabi/9.3.1/../../../../arm-none-eabi/lib/thumb/v7e-m+fp/hard\libc_nano.a(lib_a-nano-svfprintf.o)
                0x000000000800b0c8                _svfiprintf_r
                0x000000000800b0c8                _svfprintf_r
 .text.nan      0x000000000800b2c8       0x10 c:/st/stm32cubeide_1.6.1/stm32cubeide/plugins/com.st.stm32cube.ide.mcu.externaltools.gnu-tools-for-stm32.9-2020-q2-update.win32_2.0.0.202105311346/tools/bin/../lib/gcc/arm-none-eabi/9.3.1/../../../../arm-none-eabi/lib/thumb/v7e-m+fp/hard\libc_nano.a(lib_a-s_nan.o)
                0x000000000800b2c8                nan
 .text._sbrk_r  0x000000000800b2d8       0x20 c:/st/stm32cubeide_1.6.1/stm32cubeide/plugins/com.st.stm32cube.ide.mcu.externaltools.gnu-tools-for-stm32.9-2020-q2-update.win32_2.0.0.202105311346/tools/bin/../lib/gcc/arm-none-eabi/9.3.1/../../../../arm-none-eabi/lib/thumb/v7e-m+fp/hard\libc_nano.a(lib_a-sbrkr.o)
                0x000000000800b2d8                _sbrk_r
 .text.strncmp  0x000000000800b2f8       0x24 c:/st/stm32cubeide_1.6.1/stm32cubeide/plugins/com.st.stm32cube.ide.mcu.externaltools.gnu-tools-for-stm32.9-2020-q2-update.win32_2.0.0.202105311346/tools/bin/../lib/gcc/arm-none-eabi/9.3.1/../../../../arm-none-eabi/lib/thumb/v7e-m+fp/hard\libc_nano.a(lib_a-strncmp.o)
                0x000000000800b2f8                strncmp
 .text.__ascii_wctomb
                0x000000000800b31c       0x1a c:/st/stm32cubeide_1.6.1/stm32cubeide/plugins/com.st.stm32cube.ide.mcu.externaltools.gnu-tools-for-stm32.9-2020-q2-update.win32_2.0.0.202105311346/tools/bin/../lib/gcc/arm-none-eabi/9.3.1/../../../../arm-none-eabi/lib/thumb/v7e-m+fp/hard\libc_nano.a(lib_a-wctomb_r.o)
                0x000000000800b31c                __ascii_wctomb
 *fill*         0x000000000800b336        0x2 
 .text.__assert_func
                0x000000000800b338       0x3c c:/st/stm32cubeide_1.6.1/stm32cubeide/plugins/com.st.stm32cube.ide.mcu.externaltools.gnu-tools-for-stm32.9-2020-q2-update.win32_2.0.0.202105311346/tools/bin/../lib/gcc/arm-none-eabi/9.3.1/../../../../arm-none-eabi/lib/thumb/v7e-m+fp/hard\libc_nano.a(lib_a-assert.o)
                0x000000000800b338                __assert_func
 .text.fprintf  0x000000000800b374       0x24 c:/st/stm32cubeide_1.6.1/stm32cubeide/plugins/com.st.stm32cube.ide.mcu.externaltools.gnu-tools-for-stm32.9-2020-q2-update.win32_2.0.0.202105311346/tools/bin/../lib/gcc/arm-none-eabi/9.3.1/../../../../arm-none-eabi/lib/thumb/v7e-m+fp/hard\libc_nano.a(lib_a-fprintf.o)
                0x000000000800b374                fiprintf
                0x000000000800b374                fprintf
 .text.memmove  0x000000000800b398       0x34 c:/st/stm32cubeide_1.6.1/stm32cubeide/plugins/com.st.stm32cube.ide.mcu.externaltools.gnu-tools-for-stm32.9-2020-q2-update.win32_2.0.0.202105311346/tools/bin/../lib/gcc/arm-none-eabi/9.3.1/../../../../arm-none-eabi/lib/thumb/v7e-m+fp/hard\libc_nano.a(lib_a-memmove.o)
                0x000000000800b398                memmove
 .text.__malloc_lock
                0x000000000800b3cc        0xc c:/st/stm32cubeide_1.6.1/stm32cubeide/plugins/com.st.stm32cube.ide.mcu.externaltools.gnu-tools-for-stm32.9-2020-q2-update.win32_2.0.0.202105311346/tools/bin/../lib/gcc/arm-none-eabi/9.3.1/../../../../arm-none-eabi/lib/thumb/v7e-m+fp/hard\libc_nano.a(lib_a-mlock.o)
                0x000000000800b3cc                __malloc_lock
 .text.__malloc_unlock
                0x000000000800b3d8        0xc c:/st/stm32cubeide_1.6.1/stm32cubeide/plugins/com.st.stm32cube.ide.mcu.externaltools.gnu-tools-for-stm32.9-2020-q2-update.win32_2.0.0.202105311346/tools/bin/../lib/gcc/arm-none-eabi/9.3.1/../../../../arm-none-eabi/lib/thumb/v7e-m+fp/hard\libc_nano.a(lib_a-mlock.o)
                0x000000000800b3d8                __malloc_unlock
 .text._realloc_r
                0x000000000800b3e4       0x4c c:/st/stm32cubeide_1.6.1/stm32cubeide/plugins/com.st.stm32cube.ide.mcu.externaltools.gnu-tools-for-stm32.9-2020-q2-update.win32_2.0.0.202105311346/tools/bin/../lib/gcc/arm-none-eabi/9.3.1/../../../../arm-none-eabi/lib/thumb/v7e-m+fp/hard\libc_nano.a(lib_a-nano-reallocr.o)
                0x000000000800b3e4                _realloc_r
 .text.__sfputc_r
                0x000000000800b430       0x2e c:/st/stm32cubeide_1.6.1/stm32cubeide/plugins/com.st.stm32cube.ide.mcu.externaltools.gnu-tools-for-stm32.9-2020-q2-update.win32_2.0.0.202105311346/tools/bin/../lib/gcc/arm-none-eabi/9.3.1/../../../../arm-none-eabi/lib/thumb/v7e-m+fp/hard\libc_nano.a(lib_a-nano-vfprintf.o)
 .text.__sfputs_r
                0x000000000800b45e       0x24 c:/st/stm32cubeide_1.6.1/stm32cubeide/plugins/com.st.stm32cube.ide.mcu.externaltools.gnu-tools-for-stm32.9-2020-q2-update.win32_2.0.0.202105311346/tools/bin/../lib/gcc/arm-none-eabi/9.3.1/../../../../arm-none-eabi/lib/thumb/v7e-m+fp/hard\libc_nano.a(lib_a-nano-vfprintf.o)
                0x000000000800b45e                __sfputs_r
 *fill*         0x000000000800b482        0x2 
 .text._vfprintf_r
                0x000000000800b484      0x260 c:/st/stm32cubeide_1.6.1/stm32cubeide/plugins/com.st.stm32cube.ide.mcu.externaltools.gnu-tools-for-stm32.9-2020-q2-update.win32_2.0.0.202105311346/tools/bin/../lib/gcc/arm-none-eabi/9.3.1/../../../../arm-none-eabi/lib/thumb/v7e-m+fp/hard\libc_nano.a(lib_a-nano-vfprintf.o)
                0x000000000800b484                _vfprintf_r
                0x000000000800b484                _vfiprintf_r
 .text.__swbuf_r
                0x000000000800b6e4       0xa4 c:/st/stm32cubeide_1.6.1/stm32cubeide/plugins/com.st.stm32cube.ide.mcu.externaltools.gnu-tools-for-stm32.9-2020-q2-update.win32_2.0.0.202105311346/tools/bin/../lib/gcc/arm-none-eabi/9.3.1/../../../../arm-none-eabi/lib/thumb/v7e-m+fp/hard\libc_nano.a(lib_a-wbuf.o)
                0x000000000800b6e4                __swbuf_r
 .text.__swsetup_r
                0x000000000800b788       0xdc c:/st/stm32cubeide_1.6.1/stm32cubeide/plugins/com.st.stm32cube.ide.mcu.externaltools.gnu-tools-for-stm32.9-2020-q2-update.win32_2.0.0.202105311346/tools/bin/../lib/gcc/arm-none-eabi/9.3.1/../../../../arm-none-eabi/lib/thumb/v7e-m+fp/hard\libc_nano.a(lib_a-wsetup.o)
                0x000000000800b788                __swsetup_r
 .text.abort    0x000000000800b864        0xe c:/st/stm32cubeide_1.6.1/stm32cubeide/plugins/com.st.stm32cube.ide.mcu.externaltools.gnu-tools-for-stm32.9-2020-q2-update.win32_2.0.0.202105311346/tools/bin/../lib/gcc/arm-none-eabi/9.3.1/../../../../arm-none-eabi/lib/thumb/v7e-m+fp/hard\libc_nano.a(lib_a-abort.o)
                0x000000000800b864                abort
 *fill*         0x000000000800b872        0x2 
 .text.__sflush_r
                0x000000000800b874      0x10c c:/st/stm32cubeide_1.6.1/stm32cubeide/plugins/com.st.stm32cube.ide.mcu.externaltools.gnu-tools-for-stm32.9-2020-q2-update.win32_2.0.0.202105311346/tools/bin/../lib/gcc/arm-none-eabi/9.3.1/../../../../arm-none-eabi/lib/thumb/v7e-m+fp/hard\libc_nano.a(lib_a-fflush.o)
                0x000000000800b874                __sflush_r
 .text._fflush_r
                0x000000000800b980       0x78 c:/st/stm32cubeide_1.6.1/stm32cubeide/plugins/com.st.stm32cube.ide.mcu.externaltools.gnu-tools-for-stm32.9-2020-q2-update.win32_2.0.0.202105311346/tools/bin/../lib/gcc/arm-none-eabi/9.3.1/../../../../arm-none-eabi/lib/thumb/v7e-m+fp/hard\libc_nano.a(lib_a-fflush.o)
                0x000000000800b980                _fflush_r
 .text.std      0x000000000800b9f8       0x48 c:/st/stm32cubeide_1.6.1/stm32cubeide/plugins/com.st.stm32cube.ide.mcu.externaltools.gnu-tools-for-stm32.9-2020-q2-update.win32_2.0.0.202105311346/tools/bin/../lib/gcc/arm-none-eabi/9.3.1/../../../../arm-none-eabi/lib/thumb/v7e-m+fp/hard\libc_nano.a(lib_a-findfp.o)
 .text._cleanup_r
                0x000000000800ba40        0xc c:/st/stm32cubeide_1.6.1/stm32cubeide/plugins/com.st.stm32cube.ide.mcu.externaltools.gnu-tools-for-stm32.9-2020-q2-update.win32_2.0.0.202105311346/tools/bin/../lib/gcc/arm-none-eabi/9.3.1/../../../../arm-none-eabi/lib/thumb/v7e-m+fp/hard\libc_nano.a(lib_a-findfp.o)
                0x000000000800ba40                _cleanup_r
 .text.__sfmoreglue
                0x000000000800ba4c       0x2c c:/st/stm32cubeide_1.6.1/stm32cubeide/plugins/com.st.stm32cube.ide.mcu.externaltools.gnu-tools-for-stm32.9-2020-q2-update.win32_2.0.0.202105311346/tools/bin/../lib/gcc/arm-none-eabi/9.3.1/../../../../arm-none-eabi/lib/thumb/v7e-m+fp/hard\libc_nano.a(lib_a-findfp.o)
                0x000000000800ba4c                __sfmoreglue
 .text.__sfp_lock_acquire
                0x000000000800ba78        0xc c:/st/stm32cubeide_1.6.1/stm32cubeide/plugins/com.st.stm32cube.ide.mcu.externaltools.gnu-tools-for-stm32.9-2020-q2-update.win32_2.0.0.202105311346/tools/bin/../lib/gcc/arm-none-eabi/9.3.1/../../../../arm-none-eabi/lib/thumb/v7e-m+fp/hard\libc_nano.a(lib_a-findfp.o)
                0x000000000800ba78                __sfp_lock_acquire
 .text.__sfp_lock_release
                0x000000000800ba84        0xc c:/st/stm32cubeide_1.6.1/stm32cubeide/plugins/com.st.stm32cube.ide.mcu.externaltools.gnu-tools-for-stm32.9-2020-q2-update.win32_2.0.0.202105311346/tools/bin/../lib/gcc/arm-none-eabi/9.3.1/../../../../arm-none-eabi/lib/thumb/v7e-m+fp/hard\libc_nano.a(lib_a-findfp.o)
                0x000000000800ba84                __sfp_lock_release
 .text.__sinit_lock_acquire
                0x000000000800ba90        0xc c:/st/stm32cubeide_1.6.1/stm32cubeide/plugins/com.st.stm32cube.ide.mcu.externaltools.gnu-tools-for-stm32.9-2020-q2-update.win32_2.0.0.202105311346/tools/bin/../lib/gcc/arm-none-eabi/9.3.1/../../../../arm-none-eabi/lib/thumb/v7e-m+fp/hard\libc_nano.a(lib_a-findfp.o)
                0x000000000800ba90                __sinit_lock_acquire
 .text.__sinit_lock_release
                0x000000000800ba9c        0xc c:/st/stm32cubeide_1.6.1/stm32cubeide/plugins/com.st.stm32cube.ide.mcu.externaltools.gnu-tools-for-stm32.9-2020-q2-update.win32_2.0.0.202105311346/tools/bin/../lib/gcc/arm-none-eabi/9.3.1/../../../../arm-none-eabi/lib/thumb/v7e-m+fp/hard\libc_nano.a(lib_a-findfp.o)
                0x000000000800ba9c                __sinit_lock_release
 .text.__sinit  0x000000000800baa8       0x70 c:/st/stm32cubeide_1.6.1/stm32cubeide/plugins/com.st.stm32cube.ide.mcu.externaltools.gnu-tools-for-stm32.9-2020-q2-update.win32_2.0.0.202105311346/tools/bin/../lib/gcc/arm-none-eabi/9.3.1/../../../../arm-none-eabi/lib/thumb/v7e-m+fp/hard\libc_nano.a(lib_a-findfp.o)
                0x000000000800baa8                __sinit
 .text.__sfp    0x000000000800bb18       0x8c c:/st/stm32cubeide_1.6.1/stm32cubeide/plugins/com.st.stm32cube.ide.mcu.externaltools.gnu-tools-for-stm32.9-2020-q2-update.win32_2.0.0.202105311346/tools/bin/../lib/gcc/arm-none-eabi/9.3.1/../../../../arm-none-eabi/lib/thumb/v7e-m+fp/hard\libc_nano.a(lib_a-findfp.o)
                0x000000000800bb18                __sfp
 .text._fwalk_reent
                0x000000000800bba4       0x3e c:/st/stm32cubeide_1.6.1/stm32cubeide/plugins/com.st.stm32cube.ide.mcu.externaltools.gnu-tools-for-stm32.9-2020-q2-update.win32_2.0.0.202105311346/tools/bin/../lib/gcc/arm-none-eabi/9.3.1/../../../../arm-none-eabi/lib/thumb/v7e-m+fp/hard\libc_nano.a(lib_a-fwalk.o)
                0x000000000800bba4                _fwalk_reent
 .text.__retarget_lock_init_recursive
                0x000000000800bbe2        0x2 c:/st/stm32cubeide_1.6.1/stm32cubeide/plugins/com.st.stm32cube.ide.mcu.externaltools.gnu-tools-for-stm32.9-2020-q2-update.win32_2.0.0.202105311346/tools/bin/../lib/gcc/arm-none-eabi/9.3.1/../../../../arm-none-eabi/lib/thumb/v7e-m+fp/hard\libc_nano.a(lib_a-lock.o)
                0x000000000800bbe2                __retarget_lock_init_recursive
 .text.__retarget_lock_acquire_recursive
                0x000000000800bbe4        0x2 c:/st/stm32cubeide_1.6.1/stm32cubeide/plugins/com.st.stm32cube.ide.mcu.externaltools.gnu-tools-for-stm32.9-2020-q2-update.win32_2.0.0.202105311346/tools/bin/../lib/gcc/arm-none-eabi/9.3.1/../../../../arm-none-eabi/lib/thumb/v7e-m+fp/hard\libc_nano.a(lib_a-lock.o)
                0x000000000800bbe4                __retarget_lock_acquire_recursive
 .text.__retarget_lock_release_recursive
                0x000000000800bbe6        0x2 c:/st/stm32cubeide_1.6.1/stm32cubeide/plugins/com.st.stm32cube.ide.mcu.externaltools.gnu-tools-for-stm32.9-2020-q2-update.win32_2.0.0.202105311346/tools/bin/../lib/gcc/arm-none-eabi/9.3.1/../../../../arm-none-eabi/lib/thumb/v7e-m+fp/hard\libc_nano.a(lib_a-lock.o)
                0x000000000800bbe6                __retarget_lock_release_recursive
 .text.__swhatbuf_r
                0x000000000800bbe8       0x48 c:/st/stm32cubeide_1.6.1/stm32cubeide/plugins/com.st.stm32cube.ide.mcu.externaltools.gnu-tools-for-stm32.9-2020-q2-update.win32_2.0.0.202105311346/tools/bin/../lib/gcc/arm-none-eabi/9.3.1/../../../../arm-none-eabi/lib/thumb/v7e-m+fp/hard\libc_nano.a(lib_a-makebuf.o)
                0x000000000800bbe8                __swhatbuf_r
 .text.__smakebuf_r
                0x000000000800bc30       0x80 c:/st/stm32cubeide_1.6.1/stm32cubeide/plugins/com.st.stm32cube.ide.mcu.externaltools.gnu-tools-for-stm32.9-2020-q2-update.win32_2.0.0.202105311346/tools/bin/../lib/gcc/arm-none-eabi/9.3.1/../../../../arm-none-eabi/lib/thumb/v7e-m+fp/hard\libc_nano.a(lib_a-makebuf.o)
                0x000000000800bc30                __smakebuf_r
 .text._malloc_usable_size_r
                0x000000000800bcb0       0x10 c:/st/stm32cubeide_1.6.1/stm32cubeide/plugins/com.st.stm32cube.ide.mcu.externaltools.gnu-tools-for-stm32.9-2020-q2-update.win32_2.0.0.202105311346/tools/bin/../lib/gcc/arm-none-eabi/9.3.1/../../../../arm-none-eabi/lib/thumb/v7e-m+fp/hard\libc_nano.a(lib_a-nano-msizer.o)
                0x000000000800bcb0                _malloc_usable_size_r
 .text._raise_r
                0x000000000800bcc0       0x50 c:/st/stm32cubeide_1.6.1/stm32cubeide/plugins/com.st.stm32cube.ide.mcu.externaltools.gnu-tools-for-stm32.9-2020-q2-update.win32_2.0.0.202105311346/tools/bin/../lib/gcc/arm-none-eabi/9.3.1/../../../../arm-none-eabi/lib/thumb/v7e-m+fp/hard\libc_nano.a(lib_a-signal.o)
                0x000000000800bcc0                _raise_r
 .text.raise    0x000000000800bd10       0x10 c:/st/stm32cubeide_1.6.1/stm32cubeide/plugins/com.st.stm32cube.ide.mcu.externaltools.gnu-tools-for-stm32.9-2020-q2-update.win32_2.0.0.202105311346/tools/bin/../lib/gcc/arm-none-eabi/9.3.1/../../../../arm-none-eabi/lib/thumb/v7e-m+fp/hard\libc_nano.a(lib_a-signal.o)
                0x000000000800bd10                raise
 .text._kill_r  0x000000000800bd20       0x24 c:/st/stm32cubeide_1.6.1/stm32cubeide/plugins/com.st.stm32cube.ide.mcu.externaltools.gnu-tools-for-stm32.9-2020-q2-update.win32_2.0.0.202105311346/tools/bin/../lib/gcc/arm-none-eabi/9.3.1/../../../../arm-none-eabi/lib/thumb/v7e-m+fp/hard\libc_nano.a(lib_a-signalr.o)
                0x000000000800bd20                _kill_r
 .text._getpid_r
                0x000000000800bd44        0x4 c:/st/stm32cubeide_1.6.1/stm32cubeide/plugins/com.st.stm32cube.ide.mcu.externaltools.gnu-tools-for-stm32.9-2020-q2-update.win32_2.0.0.202105311346/tools/bin/../lib/gcc/arm-none-eabi/9.3.1/../../../../arm-none-eabi/lib/thumb/v7e-m+fp/hard\libc_nano.a(lib_a-signalr.o)
                0x000000000800bd44                _getpid_r
 .text.__sread  0x000000000800bd48       0x22 c:/st/stm32cubeide_1.6.1/stm32cubeide/plugins/com.st.stm32cube.ide.mcu.externaltools.gnu-tools-for-stm32.9-2020-q2-update.win32_2.0.0.202105311346/tools/bin/../lib/gcc/arm-none-eabi/9.3.1/../../../../arm-none-eabi/lib/thumb/v7e-m+fp/hard\libc_nano.a(lib_a-stdio.o)
                0x000000000800bd48                __sread
 .text.__swrite
                0x000000000800bd6a       0x38 c:/st/stm32cubeide_1.6.1/stm32cubeide/plugins/com.st.stm32cube.ide.mcu.externaltools.gnu-tools-for-stm32.9-2020-q2-update.win32_2.0.0.202105311346/tools/bin/../lib/gcc/arm-none-eabi/9.3.1/../../../../arm-none-eabi/lib/thumb/v7e-m+fp/hard\libc_nano.a(lib_a-stdio.o)
                0x000000000800bd6a                __swrite
 .text.__sseek  0x000000000800bda2       0x24 c:/st/stm32cubeide_1.6.1/stm32cubeide/plugins/com.st.stm32cube.ide.mcu.externaltools.gnu-tools-for-stm32.9-2020-q2-update.win32_2.0.0.202105311346/tools/bin/../lib/gcc/arm-none-eabi/9.3.1/../../../../arm-none-eabi/lib/thumb/v7e-m+fp/hard\libc_nano.a(lib_a-stdio.o)
                0x000000000800bda2                __sseek
 .text.__sclose
                0x000000000800bdc6        0x8 c:/st/stm32cubeide_1.6.1/stm32cubeide/plugins/com.st.stm32cube.ide.mcu.externaltools.gnu-tools-for-stm32.9-2020-q2-update.win32_2.0.0.202105311346/tools/bin/../lib/gcc/arm-none-eabi/9.3.1/../../../../arm-none-eabi/lib/thumb/v7e-m+fp/hard\libc_nano.a(lib_a-stdio.o)
                0x000000000800bdc6                __sclose
 *fill*         0x000000000800bdce        0x2 
 .text._write_r
                0x000000000800bdd0       0x24 c:/st/stm32cubeide_1.6.1/stm32cubeide/plugins/com.st.stm32cube.ide.mcu.externaltools.gnu-tools-for-stm32.9-2020-q2-update.win32_2.0.0.202105311346/tools/bin/../lib/gcc/arm-none-eabi/9.3.1/../../../../arm-none-eabi/lib/thumb/v7e-m+fp/hard\libc_nano.a(lib_a-writer.o)
                0x000000000800bdd0                _write_r
 .text._close_r
                0x000000000800bdf4       0x20 c:/st/stm32cubeide_1.6.1/stm32cubeide/plugins/com.st.stm32cube.ide.mcu.externaltools.gnu-tools-for-stm32.9-2020-q2-update.win32_2.0.0.202105311346/tools/bin/../lib/gcc/arm-none-eabi/9.3.1/../../../../arm-none-eabi/lib/thumb/v7e-m+fp/hard\libc_nano.a(lib_a-closer.o)
                0x000000000800bdf4                _close_r
 .text._fstat_r
                0x000000000800be14       0x24 c:/st/stm32cubeide_1.6.1/stm32cubeide/plugins/com.st.stm32cube.ide.mcu.externaltools.gnu-tools-for-stm32.9-2020-q2-update.win32_2.0.0.202105311346/tools/bin/../lib/gcc/arm-none-eabi/9.3.1/../../../../arm-none-eabi/lib/thumb/v7e-m+fp/hard\libc_nano.a(lib_a-fstatr.o)
                0x000000000800be14                _fstat_r
 .text._isatty_r
                0x000000000800be38       0x20 c:/st/stm32cubeide_1.6.1/stm32cubeide/plugins/com.st.stm32cube.ide.mcu.externaltools.gnu-tools-for-stm32.9-2020-q2-update.win32_2.0.0.202105311346/tools/bin/../lib/gcc/arm-none-eabi/9.3.1/../../../../arm-none-eabi/lib/thumb/v7e-m+fp/hard\libc_nano.a(lib_a-isattyr.o)
                0x000000000800be38                _isatty_r
 .text._lseek_r
                0x000000000800be58       0x24 c:/st/stm32cubeide_1.6.1/stm32cubeide/plugins/com.st.stm32cube.ide.mcu.externaltools.gnu-tools-for-stm32.9-2020-q2-update.win32_2.0.0.202105311346/tools/bin/../lib/gcc/arm-none-eabi/9.3.1/../../../../arm-none-eabi/lib/thumb/v7e-m+fp/hard\libc_nano.a(lib_a-lseekr.o)
                0x000000000800be58                _lseek_r
 .text._read_r  0x000000000800be7c       0x24 c:/st/stm32cubeide_1.6.1/stm32cubeide/plugins/com.st.stm32cube.ide.mcu.externaltools.gnu-tools-for-stm32.9-2020-q2-update.win32_2.0.0.202105311346/tools/bin/../lib/gcc/arm-none-eabi/9.3.1/../../../../arm-none-eabi/lib/thumb/v7e-m+fp/hard\libc_nano.a(lib_a-readr.o)
                0x000000000800be7c                _read_r
 .text.exp      0x000000000800bea0       0x9c c:/st/stm32cubeide_1.6.1/stm32cubeide/plugins/com.st.stm32cube.ide.mcu.externaltools.gnu-tools-for-stm32.9-2020-q2-update.win32_2.0.0.202105311346/tools/bin/../lib/gcc/arm-none-eabi/9.3.1/../../../../arm-none-eabi/lib/thumb/v7e-m+fp/hard\libm.a(lib_a-w_exp.o)
                0x000000000800bea0                exp
 .text.logf     0x000000000800bf3c       0x6c c:/st/stm32cubeide_1.6.1/stm32cubeide/plugins/com.st.stm32cube.ide.mcu.externaltools.gnu-tools-for-stm32.9-2020-q2-update.win32_2.0.0.202105311346/tools/bin/../lib/gcc/arm-none-eabi/9.3.1/../../../../arm-none-eabi/lib/thumb/v7e-m+fp/hard\libm.a(lib_a-wf_log.o)
                0x000000000800bf3c                logf
 .text.__ieee754_exp
                0x000000000800bfa8      0x2f4 c:/st/stm32cubeide_1.6.1/stm32cubeide/plugins/com.st.stm32cube.ide.mcu.externaltools.gnu-tools-for-stm32.9-2020-q2-update.win32_2.0.0.202105311346/tools/bin/../lib/gcc/arm-none-eabi/9.3.1/../../../../arm-none-eabi/lib/thumb/v7e-m+fp/hard\libm.a(lib_a-e_exp.o)
                0x000000000800bfa8                __ieee754_exp
 .text.__ieee754_logf
                0x000000000800c29c      0x1e0 c:/st/stm32cubeide_1.6.1/stm32cubeide/plugins/com.st.stm32cube.ide.mcu.externaltools.gnu-tools-for-stm32.9-2020-q2-update.win32_2.0.0.202105311346/tools/bin/../lib/gcc/arm-none-eabi/9.3.1/../../../../arm-none-eabi/lib/thumb/v7e-m+fp/hard\libm.a(lib_a-ef_log.o)
                0x000000000800c29c                __ieee754_logf
 .text.finite   0x000000000800c47c       0x16 c:/st/stm32cubeide_1.6.1/stm32cubeide/plugins/com.st.stm32cube.ide.mcu.externaltools.gnu-tools-for-stm32.9-2020-q2-update.win32_2.0.0.202105311346/tools/bin/../lib/gcc/arm-none-eabi/9.3.1/../../../../arm-none-eabi/lib/thumb/v7e-m+fp/hard\libm.a(lib_a-s_finite.o)
                0x000000000800c47c                finite
 *(.glue_7)
 .glue_7        0x000000000800c492        0x0 linker stubs
 *(.glue_7t)
 .glue_7t       0x000000000800c492        0x0 linker stubs
 *(.eh_frame)
 *fill*         0x000000000800c492        0x2 
 .eh_frame      0x000000000800c494        0x0 c:/st/stm32cubeide_1.6.1/stm32cubeide/plugins/com.st.stm32cube.ide.mcu.externaltools.gnu-tools-for-stm32.9-2020-q2-update.win32_2.0.0.202105311346/tools/bin/../lib/gcc/arm-none-eabi/9.3.1/thumb/v7e-m+fp/hard/crtbegin.o
 *(.init)
 .init          0x000000000800c494        0x4 c:/st/stm32cubeide_1.6.1/stm32cubeide/plugins/com.st.stm32cube.ide.mcu.externaltools.gnu-tools-for-stm32.9-2020-q2-update.win32_2.0.0.202105311346/tools/bin/../lib/gcc/arm-none-eabi/9.3.1/thumb/v7e-m+fp/hard/crti.o
                0x000000000800c494                _init
 .init          0x000000000800c498        0x8 c:/st/stm32cubeide_1.6.1/stm32cubeide/plugins/com.st.stm32cube.ide.mcu.externaltools.gnu-tools-for-stm32.9-2020-q2-update.win32_2.0.0.202105311346/tools/bin/../lib/gcc/arm-none-eabi/9.3.1/thumb/v7e-m+fp/hard/crtn.o
 *(.fini)
 .fini          0x000000000800c4a0        0x4 c:/st/stm32cubeide_1.6.1/stm32cubeide/plugins/com.st.stm32cube.ide.mcu.externaltools.gnu-tools-for-stm32.9-2020-q2-update.win32_2.0.0.202105311346/tools/bin/../lib/gcc/arm-none-eabi/9.3.1/thumb/v7e-m+fp/hard/crti.o
                0x000000000800c4a0                _fini
 .fini          0x000000000800c4a4        0x8 c:/st/stm32cubeide_1.6.1/stm32cubeide/plugins/com.st.stm32cube.ide.mcu.externaltools.gnu-tools-for-stm32.9-2020-q2-update.win32_2.0.0.202105311346/tools/bin/../lib/gcc/arm-none-eabi/9.3.1/thumb/v7e-m+fp/hard/crtn.o
                0x000000000800c4ac                . = ALIGN (0x4)
                0x000000000800c4ac                _etext = .

.vfp11_veneer   0x000000000800c4ac        0x0
 .vfp11_veneer  0x000000000800c4ac        0x0 linker stubs

.v4_bx          0x000000000800c4ac        0x0
 .v4_bx         0x000000000800c4ac        0x0 linker stubs

.iplt           0x000000000800c4ac        0x0
 .iplt          0x000000000800c4ac        0x0 c:/st/stm32cubeide_1.6.1/stm32cubeide/plugins/com.st.stm32cube.ide.mcu.externaltools.gnu-tools-for-stm32.9-2020-q2-update.win32_2.0.0.202105311346/tools/bin/../lib/gcc/arm-none-eabi/9.3.1/thumb/v7e-m+fp/hard/crtbegin.o

.rodata         0x000000000800c4b0     0x2a90
                0x000000000800c4b0                . = ALIGN (0x4)
 *(.rodata)
 .rodata        0x000000000800c4b0       0x33 ./Core/Src/daq-channel.o
 *fill*         0x000000000800c4e3        0x1 
 .rodata        0x000000000800c4e4       0x28 ./Core/Src/main.o
 .rodata        0x000000000800c50c        0x1 ./menu/Src/menu.o
 *(.rodata*)
 *fill*         0x000000000800c50d        0x3 
 .rodata.AHBPrescTable
                0x000000000800c510       0x10 ./Core/Src/system_stm32f4xx.o